<html>
<body>
<pre>
<h1>礦ision Build Log</h1>
<h2>Tool Versions:</h2>
IDE-Version: μVision V5.36.0.0
Copyright (C) 2021 ARM Ltd and ARM Germany GmbH. All rights reserved.
License Information: 321321 213231, 32132, LIC=JL28G-V9GXY-12GLE-5SRUC-L52I1-T2TPA
 
Tool Versions:
Toolchain:       MDK-ARM Plus  Version: 5.36.0.0
Toolchain Path:  C:\Keil_MDK\ARM\ARMCC\Bin
C Compiler:      Armcc.exe V5.06 update 7 (build 960)
Assembler:       Armasm.exe V5.06 update 7 (build 960)
Linker/Locator:  ArmLink.exe V5.06 update 7 (build 960)
Library Manager: ArmAr.exe V5.06 update 7 (build 960)
Hex Converter:   FromElf.exe V5.06 update 7 (build 960)
CPU DLL:         SARMCM3.DLL V5.36.0.0
Dialog DLL:      DCM.DLL V1.17.3.0
Target DLL:      STLink\ST-LINKIII-KEIL_SWO.dll V3.0.9.0
Dialog DLL:      TCM.DLL V1.53.0.0
 
<h2>Project:</h2>
C:\Users\Tinch\Desktop\stm32\开源小四轴汇总资料\程序文件及KEIL5\VL53L0X_STM32（oled显示激光测距（可用\VL53L_code.uvprojx
Project File Date:  05/16/2025

<h2>Output:</h2>
*** Using Compiler 'V5.06 update 7 (build 960)', folder: 'C:\Keil_MDK\ARM\ARMCC\Bin'
Rebuild target 'stm32f103rct6'
assembling startup_stm32f10x_md.s...
compiling stm32f10x_can.c...
compiling misc.c...
compiling stm32f10x_adc.c...
compiling core_cm3.c...
compiling stm32f10x_dac.c...
compiling stm32f10x_dbgmcu.c...
compiling stm32f10x_exti.c...
compiling stm32f10x_crc.c...
compiling stm32f10x_bkp.c...
compiling stm32f10x_flash.c...
compiling system_stm32f10x.c...
compiling stm32f10x_fsmc.c...
compiling stm32f10x_dma.c...
compiling stm32f10x_cec.c...
compiling main.c...
compiling stm32f10x_gpio.c...
compiling stm32f10x_pwr.c...
compiling stm32f10x_rcc.c...
compiling stm32f10x_iwdg.c...
compiling stm32f10x_i2c.c...
compiling stm32f10x_rtc.c...
compiling stm32f10x_sdio.c...
compiling stm32f10x_spi.c...
compiling stm32f10x_wwdg.c...
compiling stm32f10x_usart.c...
compiling stm32f10x_tim.c...
compiling delay.c...
compiling usart.c...
SYSTEM\usart\usart.c(2): warning:  #177-D: variable "local_lock"  was declared but never referenced
  static uint8_t local_lock = 0;
SYSTEM\usart\usart.c: 1 warning, 0 errors
compiling sys.c...
compiling Key.c...
compiling vl53l0x_api_ranging.c...
compiling LED.c...
compiling vl53l0x_api_calibration.c...
compiling vl53l0x_api.c...
compiling vl53l0x_api_core.c...
compiling vl53l0x_it.c...
compiling vl53l0x_i2c.c...
compiling vl53l0x_gen.c...
compiling vl53l0x_platform.c...
compiling vl53l0x_api_strings.c...
compiling OLED.c...
compiling vl53l0x.c...
linking...
Program Size: Code=20272 RO-data=1788 RW-data=828 ZI-data=1572  
FromELF: creating hex file...
".\Objects\mgxc.axf" - 0 Error(s), 1 Warning(s).

<h2>Software Packages used:</h2>

Package Vendor: Keil
                http://www.keil.com/pack/Keil.STM32F1xx_DFP.2.1.0.pack
                Keil.STM32F1xx_DFP.2.1.0
                STMicroelectronics STM32F1 Series Device Support, Drivers and Examples

<h2>Collection of Component include folders:</h2>
  C:\Keil_MDK\Keil\STM32F1xx_DFP\2.1.0\Device\Include

<h2>Collection of Component Files used:</h2>
Build Time Elapsed:  00:00:02
</pre>
</body>
</html>
