Component: ARM Compiler 5.06 update 7 (build 960) Tool: armlink [4d3601]

==============================================================================

Section Cross References

    system_stm32f10x.o(i.SetSysClock) refers to system_stm32f10x.o(i.SetSysClockTo72) for SetSysClockTo72
    system_stm32f10x.o(i.SystemCoreClockUpdate) refers to system_stm32f10x.o(.data) for SystemCoreClock
    system_stm32f10x.o(i.SystemInit) refers to system_stm32f10x.o(i.SetSysClock) for SetSysClock
    startup_stm32f10x_md.o(RESET) refers to startup_stm32f10x_md.o(STACK) for __initial_sp
    startup_stm32f10x_md.o(RESET) refers to startup_stm32f10x_md.o(.text) for Reset_Handler
    startup_stm32f10x_md.o(RESET) refers to vl53l0x_it.o(i.EXTI4_IRQHandler) for EXTI4_IRQHandler
    startup_stm32f10x_md.o(.text) refers to system_stm32f10x.o(i.SystemInit) for SystemInit
    startup_stm32f10x_md.o(.text) refers to entry.o(.ARM.Collect$$$$00000000) for __main
    main.o(i.main) refers to oled.o(i.OLED_Init) for OLED_Init
    main.o(i.main) refers to misc.o(i.NVIC_PriorityGroupConfig) for NVIC_PriorityGroupConfig
    main.o(i.main) refers to usart.o(i.uart_init) for uart_init
    main.o(i.main) refers to delay.o(i.delay_init) for delay_init
    main.o(i.main) refers to delay.o(i.delay_ms) for delay_ms
    main.o(i.main) refers to vl53l0x.o(i.vl53l0x_init) for vl53l0x_init
    main.o(i.main) refers to printf8.o(i.__0printf$8) for __2printf
    main.o(i.main) refers to vl53l0x_platform.o(i.VL53L0X_RdByte) for VL53L0X_RdByte
    main.o(i.main) refers to vl53l0x_platform.o(i.VL53L0X_WrByte) for VL53L0X_WrByte
    main.o(i.main) refers to vl53l0x_platform.o(i.VL53L0X_WrWord) for VL53L0X_WrWord
    main.o(i.main) refers to vl53l0x_platform.o(i.VL53L0X_RdWord) for VL53L0X_RdWord
    main.o(i.main) refers to vl53l0x_gen.o(i.vl53l0x_set_mode) for vl53l0x_set_mode
    main.o(i.main) refers to vl53l0x_gen.o(i.vl53l0x_start_single_test) for vl53l0x_start_single_test
    main.o(i.main) refers to usart.o(i.uart_send_status_height) for uart_send_status_height
    main.o(i.main) refers to oled.o(i.OLED_ShowString) for OLED_ShowString
    main.o(i.main) refers to oled.o(i.OLED_ShowNum) for OLED_ShowNum
    main.o(i.main) refers to vl53l0x.o(.bss) for vl53l0x_dev
    main.o(i.main) refers to main.o(.bss) for buf
    main.o(i.main) refers to vl53l0x_gen.o(.bss) for vl53l0x_data
    main.o(i.main) refers to vl53l0x_gen.o(.data) for Distance_data
    stm32f10x_adc.o(i.ADC_DeInit) refers to stm32f10x_rcc.o(i.RCC_APB2PeriphResetCmd) for RCC_APB2PeriphResetCmd
    stm32f10x_bkp.o(i.BKP_DeInit) refers to stm32f10x_rcc.o(i.RCC_BackupResetCmd) for RCC_BackupResetCmd
    stm32f10x_can.o(i.CAN_DeInit) refers to stm32f10x_rcc.o(i.RCC_APB1PeriphResetCmd) for RCC_APB1PeriphResetCmd
    stm32f10x_can.o(i.CAN_GetITStatus) refers to stm32f10x_can.o(i.CheckITStatus) for CheckITStatus
    stm32f10x_cec.o(i.CEC_DeInit) refers to stm32f10x_rcc.o(i.RCC_APB1PeriphResetCmd) for RCC_APB1PeriphResetCmd
    stm32f10x_dac.o(i.DAC_DeInit) refers to stm32f10x_rcc.o(i.RCC_APB1PeriphResetCmd) for RCC_APB1PeriphResetCmd
    stm32f10x_flash.o(i.FLASH_EnableWriteProtection) refers to stm32f10x_flash.o(i.FLASH_WaitForLastOperation) for FLASH_WaitForLastOperation
    stm32f10x_flash.o(i.FLASH_EraseAllBank1Pages) refers to stm32f10x_flash.o(i.FLASH_WaitForLastBank1Operation) for FLASH_WaitForLastBank1Operation
    stm32f10x_flash.o(i.FLASH_EraseAllPages) refers to stm32f10x_flash.o(i.FLASH_WaitForLastOperation) for FLASH_WaitForLastOperation
    stm32f10x_flash.o(i.FLASH_EraseOptionBytes) refers to stm32f10x_flash.o(i.FLASH_GetReadOutProtectionStatus) for FLASH_GetReadOutProtectionStatus
    stm32f10x_flash.o(i.FLASH_EraseOptionBytes) refers to stm32f10x_flash.o(i.FLASH_WaitForLastOperation) for FLASH_WaitForLastOperation
    stm32f10x_flash.o(i.FLASH_ErasePage) refers to stm32f10x_flash.o(i.FLASH_WaitForLastOperation) for FLASH_WaitForLastOperation
    stm32f10x_flash.o(i.FLASH_ProgramHalfWord) refers to stm32f10x_flash.o(i.FLASH_WaitForLastOperation) for FLASH_WaitForLastOperation
    stm32f10x_flash.o(i.FLASH_ProgramOptionByteData) refers to stm32f10x_flash.o(i.FLASH_WaitForLastOperation) for FLASH_WaitForLastOperation
    stm32f10x_flash.o(i.FLASH_ProgramWord) refers to stm32f10x_flash.o(i.FLASH_WaitForLastOperation) for FLASH_WaitForLastOperation
    stm32f10x_flash.o(i.FLASH_ReadOutProtection) refers to stm32f10x_flash.o(i.FLASH_WaitForLastOperation) for FLASH_WaitForLastOperation
    stm32f10x_flash.o(i.FLASH_UserOptionByteConfig) refers to stm32f10x_flash.o(i.FLASH_WaitForLastOperation) for FLASH_WaitForLastOperation
    stm32f10x_flash.o(i.FLASH_WaitForLastBank1Operation) refers to stm32f10x_flash.o(i.FLASH_GetBank1Status) for FLASH_GetBank1Status
    stm32f10x_flash.o(i.FLASH_WaitForLastOperation) refers to stm32f10x_flash.o(i.FLASH_GetBank1Status) for FLASH_GetBank1Status
[...]
    Removing vl53l0x_gen.o(i.vl53l0x_general_test), (16 bytes).
    Removing vl53l0x_it.o(i.exti_init), (112 bytes).
    Removing vl53l0x_it.o(i.vl53l0x_interrupt_start), (484 bytes).
    Removing vl53l0x_i2c.o(i.VL53L0X_write_dword), (52 bytes).
    Removing vl53l0x_i2c.o(i.VL_IIC_Read_1Byte), (72 bytes).
    Removing vl53l0x_i2c.o(i.VL_IIC_Write_1Byte), (60 bytes).
    Removing vl53l0x_platform.o(i.VL53L0X_WrDWord), (44 bytes).
    Removing oled.o(i.OLED_ShowBinNum), (62 bytes).
    Removing oled.o(i.OLED_ShowHexNum), (84 bytes).
    Removing oled.o(i.OLED_ShowSignedNum), (102 bytes).
    Removing dadd.o(.text), (334 bytes).
    Removing dmul.o(.text), (228 bytes).
    Removing ddiv.o(.text), (222 bytes).
    Removing dfixul.o(.text), (48 bytes).
    Removing cdrcmple.o(.text), (48 bytes).
    Removing depilogue.o(.text), (186 bytes).

564 unused section(s) (total 26692 bytes) removed from the image.

==============================================================================

Image Symbol Table

    Local Symbols

    Symbol Name                              Value     Ov Type        Size  Object(Section)

    ../clib/../cmprslib/lz77c.c              0x00000000   Number         0  __dclz77c.o ABSOLUTE
    ../clib/microlib/division.c              0x00000000   Number         0  uidiv.o ABSOLUTE
    ../clib/microlib/division.c              0x00000000   Number         0  uldiv.o ABSOLUTE
    ../clib/microlib/init/entry.s            0x00000000   Number         0  entry7b.o ABSOLUTE
    ../clib/microlib/init/entry.s            0x00000000   Number         0  entry7a.o ABSOLUTE
    ../clib/microlib/init/entry.s            0x00000000   Number         0  entry5.o ABSOLUTE
    ../clib/microlib/init/entry.s            0x00000000   Number         0  entry2.o ABSOLUTE
    ../clib/microlib/init/entry.s            0x00000000   Number         0  entry.o ABSOLUTE
    ../clib/microlib/init/entry.s            0x00000000   Number         0  entry8b.o ABSOLUTE
    ../clib/microlib/init/entry.s            0x00000000   Number         0  entry12b.o ABSOLUTE
    ../clib/microlib/init/entry.s            0x00000000   Number         0  entry8a.o ABSOLUTE
    ../clib/microlib/init/entry.s            0x00000000   Number         0  entry9a.o ABSOLUTE
    ../clib/microlib/init/entry.s            0x00000000   Number         0  entry9b.o ABSOLUTE
    ../clib/microlib/init/entry.s            0x00000000   Number         0  entry10a.o ABSOLUTE
    ../clib/microlib/init/entry.s            0x00000000   Number         0  entry10b.o ABSOLUTE
    ../clib/microlib/init/entry.s            0x00000000   Number         0  entry11a.o ABSOLUTE
    ../clib/microlib/init/entry.s            0x00000000   Number         0  entry11b.o ABSOLUTE
    ../clib/microlib/init/entry.s            0x00000000   Number         0  entry12a.o ABSOLUTE
    ../clib/microlib/longlong.c              0x00000000   Number         0  llshl.o ABSOLUTE
    ../clib/microlib/longlong.c              0x00000000   Number         0  llushr.o ABSOLUTE
    ../clib/microlib/longlong.c              0x00000000   Number         0  llsshr.o ABSOLUTE
    ../clib/microlib/printf/printf.c         0x00000000   Number         0  printf4.o ABSOLUTE
    ../clib/microlib/printf/printf.c         0x00000000   Number         0  printf3.o ABSOLUTE
    ../clib/microlib/printf/printf.c         0x00000000   Number         0  printf2.o ABSOLUTE
    ../clib/microlib/printf/printf.c         0x00000000   Number         0  printf1.o ABSOLUTE
    ../clib/microlib/printf/printf.c         0x00000000   Number         0  printf0.o ABSOLUTE
    ../clib/microlib/printf/printf.c         0x00000000   Number         0  printf8.o ABSOLUTE
    ../clib/microlib/printf/printf.c         0x00000000   Number         0  printf5.o ABSOLUTE
    ../clib/microlib/printf/printf.c         0x00000000   Number         0  printfa.o ABSOLUTE
    ../clib/microlib/printf/printf.c         0x00000000   Number         0  printfb.o ABSOLUTE
    ../clib/microlib/printf/printf.c         0x00000000   Number         0  printf7.o ABSOLUTE
    ../clib/microlib/printf/printf.c         0x00000000   Number         0  printf6.o ABSOLUTE
    ../clib/microlib/printf/stubs.s          0x00000000   Number         0  stubs.o ABSOLUTE
    ../clib/microlib/string/memcpy.c         0x00000000   Number         0  memcpyb.o ABSOLUTE
    ../clib/microlib/string/memcpy.c         0x00000000   Number         0  memcpya.o ABSOLUTE
    ../clib/microlib/string/memset.c         0x00000000   Number         0  memseta.o ABSOLUTE
    ../clib/microlib/string/strcpy.c         0x00000000   Number         0  strcpy.o ABSOLUTE
    ../clib/microlib/stubs.s                 0x00000000   Number         0  iusefp.o ABSOLUTE
    ../clib/microlib/stubs.s                 0x00000000   Number         0  useno.o ABSOLUTE
    ../fplib/microlib/fpadd.c                0x00000000   Number         0  dadd.o ABSOLUTE
    ../fplib/microlib/fpdiv.c                0x00000000   Number         0  ddiv.o ABSOLUTE
    ../fplib/microlib/fpepilogue.c           0x00000000   Number         0  depilogue.o ABSOLUTE
    ../fplib/microlib/fpfix.c                0x00000000   Number         0  dfixul.o ABSOLUTE
    ../fplib/microlib/fpmul.c                0x00000000   Number         0  dmul.o ABSOLUTE
    Hardware\Key.c                           0x00000000   Number         0  key.o ABSOLUTE
    Hardware\LED.c                           0x00000000   Number         0  led.o ABSOLUTE
    Hardware\OLED.c                          0x00000000   Number         0  oled.o ABSOLUTE
    SYSTEM\\sys\\sys.c                       0x00000000   Number         0  sys.o ABSOLUTE
    SYSTEM\delay\delay.c                     0x00000000   Number         0  delay.o ABSOLUTE
    SYSTEM\sys\sys.c                         0x00000000   Number         0  sys.o ABSOLUTE
    SYSTEM\usart\usart.c                     0x00000000   Number         0  usart.o ABSOLUTE
    VL53L0X\core\src\vl53l0x_api.c           0x00000000   Number         0  vl53l0x_api.o ABSOLUTE
    VL53L0X\core\src\vl53l0x_api_calibration.c 0x00000000   Number         0  vl53l0x_api_calibration.o ABSOLUTE
    VL53L0X\core\src\vl53l0x_api_core.c      0x00000000   Number         0  vl53l0x_api_core.o ABSOLUTE
    VL53L0X\core\src\vl53l0x_api_ranging.c   0x00000000   Number         0  vl53l0x_api_ranging.o ABSOLUTE
    VL53L0X\core\src\vl53l0x_api_strings.c   0x00000000   Number         0  vl53l0x_api_strings.o ABSOLUTE
    VL53L0X\demo\vl53l0x.c                   0x00000000   Number         0  vl53l0x.o ABSOLUTE
    VL53L0X\demo\vl53l0x_gen.c               0x00000000   Number         0  vl53l0x_gen.o ABSOLUTE
    VL53L0X\demo\vl53l0x_it.c                0x00000000   Number         0  vl53l0x_it.o ABSOLUTE
    VL53L0X\platform\src\vl53l0x_i2c.c       0x00000000   Number         0  vl53l0x_i2c.o ABSOLUTE
    VL53L0X\platform\src\vl53l0x_platform.c  0x00000000   Number         0  vl53l0x_platform.o ABSOLUTE
    cdrcmple.s                               0x00000000   Number         0  cdrcmple.o ABSOLUTE
    dc.s                                     0x00000000   Number         0  dc.o ABSOLUTE
    handlers.s                               0x00000000   Number         0  handlers.o ABSOLUTE
    init.s                                   0x00000000   Number         0  init.o ABSOLUTE
    lib\src\misc.c                           0x00000000   Number         0  misc.o ABSOLUTE
    lib\src\stm32f10x_adc.c                  0x00000000   Number         0  stm32f10x_adc.o ABSOLUTE
    lib\src\stm32f10x_bkp.c                  0x00000000   Number         0  stm32f10x_bkp.o ABSOLUTE
    lib\src\stm32f10x_can.c                  0x00000000   Number         0  stm32f10x_can.o ABSOLUTE
    lib\src\stm32f10x_cec.c                  0x00000000   Number         0  stm32f10x_cec.o ABSOLUTE
    lib\src\stm32f10x_crc.c                  0x00000000   Number         0  stm32f10x_crc.o ABSOLUTE
    lib\src\stm32f10x_dac.c                  0x00000000   Number         0  stm32f10x_dac.o ABSOLUTE
    lib\src\stm32f10x_dbgmcu.c               0x00000000   Number         0  stm32f10x_dbgmcu.o ABSOLUTE
    lib\src\stm32f10x_dma.c                  0x00000000   Number         0  stm32f10x_dma.o ABSOLUTE
    lib\src\stm32f10x_exti.c                 0x00000000   Number         0  stm32f10x_exti.o ABSOLUTE
    lib\src\stm32f10x_flash.c                0x00000000   Number         0  stm32f10x_flash.o ABSOLUTE
    lib\src\stm32f10x_fsmc.c                 0x00000000   Number         0  stm32f10x_fsmc.o ABSOLUTE
    lib\src\stm32f10x_gpio.c                 0x00000000   Number         0  stm32f10x_gpio.o ABSOLUTE
    lib\src\stm32f10x_i2c.c                  0x00000000   Number         0  stm32f10x_i2c.o ABSOLUTE
    lib\src\stm32f10x_iwdg.c                 0x00000000   Number         0  stm32f10x_iwdg.o ABSOLUTE
    lib\src\stm32f10x_pwr.c                  0x00000000   Number         0  stm32f10x_pwr.o ABSOLUTE
    lib\src\stm32f10x_rcc.c                  0x00000000   Number         0  stm32f10x_rcc.o ABSOLUTE
    lib\src\stm32f10x_rtc.c                  0x00000000   Number         0  stm32f10x_rtc.o ABSOLUTE
    lib\src\stm32f10x_sdio.c                 0x00000000   Number         0  stm32f10x_sdio.o ABSOLUTE
    lib\src\stm32f10x_spi.c                  0x00000000   Number         0  stm32f10x_spi.o ABSOLUTE
    lib\src\stm32f10x_tim.c                  0x00000000   Number         0  stm32f10x_tim.o ABSOLUTE
    lib\src\stm32f10x_usart.c                0x00000000   Number         0  stm32f10x_usart.o ABSOLUTE
    lib\src\stm32f10x_wwdg.c                 0x00000000   Number         0  stm32f10x_wwdg.o ABSOLUTE
    startup\\core_cm3.c                      0x00000000   Number         0  core_cm3.o ABSOLUTE
    startup\core_cm3.c                       0x00000000   Number         0  core_cm3.o ABSOLUTE
    startup\startup_stm32f10x_md.s           0x00000000   Number         0  startup_stm32f10x_md.o ABSOLUTE
    startup\system_stm32f10x.c               0x00000000   Number         0  system_stm32f10x.o ABSOLUTE
    user\main.c                              0x00000000   Number         0  main.o ABSOLUTE
    RESET                                    0x08000000   Section      236  startup_stm32f10x_md.o(RESET)
    .ARM.Collect$$$$00000000                 0x080000ec   Section        0  entry.o(.ARM.Collect$$$$00000000)
    .ARM.Collect$$$$00000001                 0x080000ec   Section        4  entry2.o(.ARM.Collect$$$$00000001)
    .ARM.Collect$$$$00000004                 0x080000f0   Section        4  entry5.o(.ARM.Collect$$$$00000004)
    .ARM.Collect$$$$00000008                 0x080000f4   Section        0  entry7b.o(.ARM.Collect$$$$00000008)
    .ARM.Collect$$$$0000000A                 0x080000f4   Section        0  entry8b.o(.ARM.Collect$$$$0000000A)
    .ARM.Collect$$$$0000000B                 0x080000f4   Section        8  entry9a.o(.ARM.Collect$$$$0000000B)
    .ARM.Collect$$$$0000000E                 0x080000fc   Section        4  entry12b.o(.ARM.Collect$$$$0000000E)
    .ARM.Collect$$$$0000000F                 0x08000100   Section        0  entry10a.o(.ARM.Collect$$$$0000000F)
    .ARM.Collect$$$$00000011                 0x08000100   Section        0  entry11a.o(.ARM.Collect$$$$00000011)
    .ARM.Collect$$$$00002712                 0x08000100   Section        4  entry2.o(.ARM.Collect$$$$00002712)
    __lit__00000000                          0x08000100   Data           4  entry2.o(.ARM.Collect$$$$00002712)
    .text                                    0x08000104   Section       36  startup_stm32f10x_md.o(.text)
    .text                                    0x08000128   Section        0  memcpya.o(.text)
    .text                                    0x0800014c   Section        0  memseta.o(.text)
    .text                                    0x08000170   Section        0  strcpy.o(.text)
    .text                                    0x08000182   Section        0  uldiv.o(.text)
    .text                                    0x080001e4   Section       36  init.o(.text)
    .text                                    0x08000208   Section        0  llshl.o(.text)
    .text                                    0x08000226   Section        0  llushr.o(.text)
    .text                                    0x08000246   Section        0  __dclz77c.o(.text)
    i.EXTI4_IRQHandler                       0x080002a4   Section        0  vl53l0x_it.o(i.EXTI4_IRQHandler)
    i.EXTI_ClearITPendingBit                 0x080002b8   Section        0  stm32f10x_exti.o(i.EXTI_ClearITPendingBit)
    i.GPIO_Init                              0x080002c4   Section        0  stm32f10x_gpio.o(i.GPIO_Init)
    i.GPIO_SetBits                           0x080003da   Section        0  stm32f10x_gpio.o(i.GPIO_SetBits)
    i.GPIO_WriteBit                          0x080003de   Section        0  stm32f10x_gpio.o(i.GPIO_WriteBit)
    i.NVIC_PriorityGroupConfig               0x080003e8   Section        0  misc.o(i.NVIC_PriorityGroupConfig)
    i.OLED_Clear                             0x080003fc   Section        0  oled.o(i.OLED_Clear)
    i.OLED_I2C_Init                          0x08000428   Section        0  oled.o(i.OLED_I2C_Init)
    i.OLED_I2C_SendByte                      0x08000478   Section        0  oled.o(i.OLED_I2C_SendByte)
    i.OLED_I2C_Start                         0x080004cc   Section        0  oled.o(i.OLED_I2C_Start)
    i.OLED_I2C_Stop                          0x08000500   Section        0  oled.o(i.OLED_I2C_Stop)
    i.OLED_Init                              0x08000528   Section        0  oled.o(i.OLED_Init)
    i.OLED_Pow                               0x080005d6   Section        0  oled.o(i.OLED_Pow)
    i.OLED_SetCursor                         0x080005ea   Section        0  oled.o(i.OLED_SetCursor)
    i.OLED_ShowChar                          0x0800060c   Section        0  oled.o(i.OLED_ShowChar)
    i.OLED_ShowNum                           0x08000680   Section        0  oled.o(i.OLED_ShowNum)
    i.OLED_ShowString                        0x080006c4   Section        0  oled.o(i.OLED_ShowString)
    i.OLED_WriteCommand                      0x080006ec   Section        0  oled.o(i.OLED_WriteCommand)
    i.OLED_WriteData                         0x0800070c   Section        0  oled.o(i.OLED_WriteData)
    i.RCC_APB2PeriphClockCmd                 0x0800072c   Section        0  stm32f10x_rcc.o(i.RCC_APB2PeriphClockCmd)
    i.RCC_GetClocksFreq                      0x0800074c   Section        0  stm32f10x_rcc.o(i.RCC_GetClocksFreq)
    i.SetSysClock                            0x08000820   Section        0  system_stm32f10x.o(i.SetSysClock)
    SetSysClock                              0x08000821   Thumb Code     8  system_stm32f10x.o(i.SetSysClock)
    i.SetSysClockTo72                        0x08000828   Section        0  system_stm32f10x.o(i.SetSysClockTo72)
    SetSysClockTo72                          0x08000829   Thumb Code   214  system_stm32f10x.o(i.SetSysClockTo72)
    i.SysTick_CLKSourceConfig                0x08000908   Section        0  misc.o(i.SysTick_CLKSourceConfig)
    i.SystemInit                             0x08000930   Section        0  system_stm32f10x.o(i.SystemInit)
    i.USART_Cmd                              0x08000990   Section        0  stm32f10x_usart.o(i.USART_Cmd)
    i.USART_GetFlagStatus                    0x080009a8   Section        0  stm32f10x_usart.o(i.USART_GetFlagStatus)
    i.USART_Init                             0x080009c4   Section        0  stm32f10x_usart.o(i.USART_Init)
    i.USART_SendData                         0x08000a9c   Section        0  stm32f10x_usart.o(i.USART_SendData)
    i.VL53L0X_CheckAndLoadInterruptSettings  0x08000aa4   Section        0  vl53l0x_api.o(i.VL53L0X_CheckAndLoadInterruptSettings)
    i.VL53L0X_ClearInterruptMask             0x08000b28   Section        0  vl53l0x_api.o(i.VL53L0X_ClearInterruptMask)
    i.VL53L0X_DataInit                       0x08000b7c   Section        0  vl53l0x_api.o(i.VL53L0X_DataInit)
    i.VL53L0X_GetDeviceInfo                  0x08000d28   Section        0  vl53l0x_api.o(i.VL53L0X_GetDeviceInfo)
    i.VL53L0X_GetDeviceMode                  0x08000d3e   Section        0  vl53l0x_api.o(i.VL53L0X_GetDeviceMode)
    i.VL53L0X_GetDeviceParameters            0x08000d48   Section        0  vl53l0x_api.o(i.VL53L0X_GetDeviceParameters)
    i.VL53L0X_GetFractionEnable              0x08000de8   Section        0  vl53l0x_api.o(i.VL53L0X_GetFractionEnable)
    i.VL53L0X_GetInterMeasurementPeriodMilliSeconds 0x08000e0a   Section        0  vl53l0x_api.o(i.VL53L0X_GetInterMeasurementPeriodMilliSeconds)
    i.VL53L0X_GetInterruptMaskStatus         0x08000e48   Section        0  vl53l0x_api.o(i.VL53L0X_GetInterruptMaskStatus)
    i.VL53L0X_GetInterruptThresholds         0x08000e78   Section        0  vl53l0x_api.o(i.VL53L0X_GetInterruptThresholds)
    i.VL53L0X_GetLimitCheckEnable            0x08000eba   Section        0  vl53l0x_api.o(i.VL53L0X_GetLimitCheckEnable)
    i.VL53L0X_GetLimitCheckValue             0x08000ed6   Section        0  vl53l0x_api.o(i.VL53L0X_GetLimitCheckValue)
    i.VL53L0X_GetMeasurementDataReady        0x08000f8c   Section        0  vl53l0x_api.o(i.VL53L0X_GetMeasurementDataReady)
    i.VL53L0X_GetMeasurementTimingBudgetMicroSeconds 0x08000fe2   Section        0  vl53l0x_api.o(i.VL53L0X_GetMeasurementTimingBudgetMicroSeconds)
    i.VL53L0X_GetOffsetCalibrationDataMicroMeter 0x08000ff8   Section        0  vl53l0x_api.o(i.VL53L0X_GetOffsetCalibrationDataMicroMeter)
    i.VL53L0X_GetPalErrorString              0x0800100e   Section        0  vl53l0x_api.o(i.VL53L0X_GetPalErrorString)
    i.VL53L0X_GetRangeStatusString           0x08001024   Section        0  vl53l0x_api.o(i.VL53L0X_GetRangeStatusString)
    i.VL53L0X_GetRangingMeasurementData      0x0800103a   Section        0  vl53l0x_api.o(i.VL53L0X_GetRangingMeasurementData)
    i.VL53L0X_GetSequenceStepEnables         0x080011a8   Section        0  vl53l0x_api.o(i.VL53L0X_GetSequenceStepEnables)
    i.VL53L0X_GetVcselPulsePeriod            0x0800121e   Section        0  vl53l0x_api.o(i.VL53L0X_GetVcselPulsePeriod)
    i.VL53L0X_GetWrapAroundCheckEnable       0x0800123c   Section        0  vl53l0x_api.o(i.VL53L0X_GetWrapAroundCheckEnable)
    i.VL53L0X_GetXTalkCompensationEnable     0x0800127a   Section        0  vl53l0x_api.o(i.VL53L0X_GetXTalkCompensationEnable)
    i.VL53L0X_GetXTalkCompensationRateMegaCps 0x08001286   Section        0  vl53l0x_api.o(i.VL53L0X_GetXTalkCompensationRateMegaCps)
    i.VL53L0X_PerformRefCalibration          0x080012be   Section        0  vl53l0x_api.o(i.VL53L0X_PerformRefCalibration)
    i.VL53L0X_PerformRefSpadManagement       0x080012de   Section        0  vl53l0x_api.o(i.VL53L0X_PerformRefSpadManagement)
    i.VL53L0X_PerformSingleMeasurement       0x080012fc   Section        0  vl53l0x_api.o(i.VL53L0X_PerformSingleMeasurement)
    i.VL53L0X_PerformSingleRangingMeasurement 0x08001338   Section        0  vl53l0x_api.o(i.VL53L0X_PerformSingleRangingMeasurement)
    i.VL53L0X_PollingDelay                   0x08001370   Section        0  vl53l0x_platform.o(i.VL53L0X_PollingDelay)
    i.VL53L0X_RdByte                         0x0800138a   Section        0  vl53l0x_platform.o(i.VL53L0X_RdByte)
    i.VL53L0X_RdDWord                        0x080013b6   Section        0  vl53l0x_platform.o(i.VL53L0X_RdDWord)
    i.VL53L0X_RdWord                         0x080013e2   Section        0  vl53l0x_platform.o(i.VL53L0X_RdWord)
    i.VL53L0X_ReadMulti                      0x0800140e   Section        0  vl53l0x_platform.o(i.VL53L0X_ReadMulti)
    i.VL53L0X_SetDeviceAddress               0x08001444   Section        0  vl53l0x_api.o(i.VL53L0X_SetDeviceAddress)
    i.VL53L0X_SetDeviceMode                  0x08001468   Section        0  vl53l0x_api.o(i.VL53L0X_SetDeviceMode)
    i.VL53L0X_SetGpioConfig                  0x0800149a   Section        0  vl53l0x_api.o(i.VL53L0X_SetGpioConfig)
    i.VL53L0X_SetLimitCheckEnable            0x08001600   Section        0  vl53l0x_api.o(i.VL53L0X_SetLimitCheckEnable)
    i.VL53L0X_SetLimitCheckValue             0x080016c2   Section        0  vl53l0x_api.o(i.VL53L0X_SetLimitCheckValue)
    i.VL53L0X_SetMeasurementTimingBudgetMicroSeconds 0x08001738   Section        0  vl53l0x_api.o(i.VL53L0X_SetMeasurementTimingBudgetMicroSeconds)
    i.VL53L0X_SetSequenceStepEnable          0x0800174e   Section        0  vl53l0x_api.o(i.VL53L0X_SetSequenceStepEnable)
    i.VL53L0X_SetVcselPulsePeriod            0x08001812   Section        0  vl53l0x_api.o(i.VL53L0X_SetVcselPulsePeriod)
    i.VL53L0X_StartMeasurement               0x08001830   Section        0  vl53l0x_api.o(i.VL53L0X_StartMeasurement)
    i.VL53L0X_StaticInit                     0x0800193c   Section        0  vl53l0x_api.o(i.VL53L0X_StaticInit)
    i.VL53L0X_UpdateByte                     0x08001adc   Section        0  vl53l0x_platform.o(i.VL53L0X_UpdateByte)
    i.VL53L0X_WrByte                         0x08001b2e   Section        0  vl53l0x_platform.o(i.VL53L0X_WrByte)
    i.VL53L0X_WrWord                         0x08001b5a   Section        0  vl53l0x_platform.o(i.VL53L0X_WrWord)
    i.VL53L0X_WriteMulti                     0x08001b86   Section        0  vl53l0x_platform.o(i.VL53L0X_WriteMulti)
    i.VL53L0X_calc_dmax                      0x08001bc4   Section        0  vl53l0x_api_core.o(i.VL53L0X_calc_dmax)
    i.VL53L0X_calc_macro_period_ps           0x08001d50   Section        0  vl53l0x_api_core.o(i.VL53L0X_calc_macro_period_ps)
    i.VL53L0X_calc_sigma_estimate            0x08001d68   Section        0  vl53l0x_api_core.o(i.VL53L0X_calc_sigma_estimate)
    i.VL53L0X_calc_timeout_mclks             0x08002078   Section        0  vl53l0x_api_core.o(i.VL53L0X_calc_timeout_mclks)
    i.VL53L0X_calc_timeout_us                0x080020ac   Section        0  vl53l0x_api_core.o(i.VL53L0X_calc_timeout_us)
    i.VL53L0X_check_part_used                0x080020e0   Section        0  vl53l0x_api_strings.o(i.VL53L0X_check_part_used)
    i.VL53L0X_decode_timeout                 0x08002130   Section        0  vl53l0x_api_core.o(i.VL53L0X_decode_timeout)
    i.VL53L0X_decode_vcsel_period            0x0800213e   Section        0  vl53l0x_api_core.o(i.VL53L0X_decode_vcsel_period)
    i.VL53L0X_device_read_strobe             0x0800214a   Section        0  vl53l0x_api_core.o(i.VL53L0X_device_read_strobe)
    i.VL53L0X_encode_timeout                 0x0800219c   Section        0  vl53l0x_api_core.o(i.VL53L0X_encode_timeout)
    i.VL53L0X_encode_vcsel_period            0x080021c4   Section        0  vl53l0x_api_core.o(i.VL53L0X_encode_vcsel_period)
    i.VL53L0X_get_device_info                0x080021d4   Section        0  vl53l0x_api_strings.o(i.VL53L0X_get_device_info)
    i.VL53L0X_get_info_from_device           0x080022b0   Section        0  vl53l0x_api_core.o(i.VL53L0X_get_info_from_device)
    i.VL53L0X_get_measurement_timing_budget_micro_seconds 0x080027fa   Section        0  vl53l0x_api_core.o(i.VL53L0X_get_measurement_timing_budget_micro_seconds)
    i.VL53L0X_get_offset_calibration_data_micro_meter 0x080028e8   Section        0  vl53l0x_api_calibration.o(i.VL53L0X_get_offset_calibration_data_micro_meter)
    i.VL53L0X_get_pal_error_string           0x08002940   Section        0  vl53l0x_api_strings.o(i.VL53L0X_get_pal_error_string)
    i.VL53L0X_get_pal_range_status           0x08002c0c   Section        0  vl53l0x_api_core.o(i.VL53L0X_get_pal_range_status)
    i.VL53L0X_get_range_status_string        0x08002e40   Section        0  vl53l0x_api_strings.o(i.VL53L0X_get_range_status_string)
    i.VL53L0X_get_total_signal_rate          0x08002f14   Section        0  vl53l0x_api_core.o(i.VL53L0X_get_total_signal_rate)
    i.VL53L0X_get_total_xtalk_rate           0x08002f3c   Section        0  vl53l0x_api_core.o(i.VL53L0X_get_total_xtalk_rate)
    i.VL53L0X_get_vcsel_pulse_period         0x08002f76   Section        0  vl53l0x_api_core.o(i.VL53L0X_get_vcsel_pulse_period)
    i.VL53L0X_i2c_init                       0x08002fbc   Section        0  vl53l0x_i2c.o(i.VL53L0X_i2c_init)
    i.VL53L0X_isqrt                          0x08002ff0   Section        0  vl53l0x_api_core.o(i.VL53L0X_isqrt)
    i.VL53L0X_load_tuning_settings           0x0800301c   Section        0  vl53l0x_api_core.o(i.VL53L0X_load_tuning_settings)
    i.VL53L0X_measurement_poll_for_completion 0x08003106   Section        0  vl53l0x_api_core.o(i.VL53L0X_measurement_poll_for_completion)
    i.VL53L0X_perform_phase_calibration      0x08003148   Section        0  vl53l0x_api_calibration.o(i.VL53L0X_perform_phase_calibration)
    i.VL53L0X_perform_ref_calibration        0x080031c4   Section        0  vl53l0x_api_calibration.o(i.VL53L0X_perform_ref_calibration)
    i.VL53L0X_perform_ref_spad_management    0x08003210   Section        0  vl53l0x_api_calibration.o(i.VL53L0X_perform_ref_spad_management)
    i.VL53L0X_perform_single_ref_calibration 0x080034a2   Section        0  vl53l0x_api_calibration.o(i.VL53L0X_perform_single_ref_calibration)
    i.VL53L0X_perform_vhv_calibration        0x080034e2   Section        0  vl53l0x_api_calibration.o(i.VL53L0X_perform_vhv_calibration)
    i.VL53L0X_read_byte                      0x08003560   Section        0  vl53l0x_i2c.o(i.VL53L0X_read_byte)
    i.VL53L0X_read_dword                     0x08003580   Section        0  vl53l0x_i2c.o(i.VL53L0X_read_dword)
    i.VL53L0X_read_multi                     0x080035ba   Section        0  vl53l0x_i2c.o(i.VL53L0X_read_multi)
    i.VL53L0X_read_word                      0x080035e2   Section        0  vl53l0x_i2c.o(i.VL53L0X_read_word)
    i.VL53L0X_ref_calibration_io             0x0800360c   Section        0  vl53l0x_api_calibration.o(i.VL53L0X_ref_calibration_io)
    i.VL53L0X_set_measurement_timing_budget_micro_seconds 0x080036bc   Section        0  vl53l0x_api_core.o(i.VL53L0X_set_measurement_timing_budget_micro_seconds)
    i.VL53L0X_set_reference_spads            0x080037e2   Section        0  vl53l0x_api_calibration.o(i.VL53L0X_set_reference_spads)
    i.VL53L0X_set_vcsel_pulse_period         0x080038a4   Section        0  vl53l0x_api_core.o(i.VL53L0X_set_vcsel_pulse_period)
    i.VL53L0X_write_byte                     0x08003ba2   Section        0  vl53l0x_i2c.o(i.VL53L0X_write_byte)
    i.VL53L0X_write_multi                    0x08003bbc   Section        0  vl53l0x_i2c.o(i.VL53L0X_write_multi)
    i.VL53L0X_write_word                     0x08003be4   Section        0  vl53l0x_i2c.o(i.VL53L0X_write_word)
    i.VL_IIC_Ack                             0x08003c3c   Section        0  vl53l0x_i2c.o(i.VL_IIC_Ack)
    i.VL_IIC_NAck                            0x08003c8c   Section        0  vl53l0x_i2c.o(i.VL_IIC_NAck)
    i.VL_IIC_Read_Byte                       0x08003cdc   Section        0  vl53l0x_i2c.o(i.VL_IIC_Read_Byte)
    i.VL_IIC_Read_nByte                      0x08003d58   Section        0  vl53l0x_i2c.o(i.VL_IIC_Read_nByte)
    i.VL_IIC_Send_Byte                       0x08003dc8   Section        0  vl53l0x_i2c.o(i.VL_IIC_Send_Byte)
    i.VL_IIC_Start                           0x08003e3c   Section        0  vl53l0x_i2c.o(i.VL_IIC_Start)
    i.VL_IIC_Stop                            0x08003e88   Section        0  vl53l0x_i2c.o(i.VL_IIC_Stop)
    i.VL_IIC_Wait_Ack                        0x08003ed4   Section        0  vl53l0x_i2c.o(i.VL_IIC_Wait_Ack)
    i.VL_IIC_Write_nByte                     0x08003f38   Section        0  vl53l0x_i2c.o(i.VL_IIC_Write_nByte)
    i.__0printf$8                            0x08003f88   Section        0  printf8.o(i.__0printf$8)
    i.__scatterload_copy                     0x08003fa8   Section       14  handlers.o(i.__scatterload_copy)
    i.__scatterload_null                     0x08003fb6   Section        2  handlers.o(i.__scatterload_null)
    i.__scatterload_zeroinit                 0x08003fb8   Section       14  handlers.o(i.__scatterload_zeroinit)
    i._printf_core                           0x08003fc8   Section        0  printf8.o(i._printf_core)
    _printf_core                             0x08003fc9   Thumb Code   984  printf8.o(i._printf_core)
    i._printf_post_padding                   0x080043cc   Section        0  printf8.o(i._printf_post_padding)
    _printf_post_padding                     0x080043cd   Thumb Code    36  printf8.o(i._printf_post_padding)
    i._printf_pre_padding                    0x080043f0   Section        0  printf8.o(i._printf_pre_padding)
    _printf_pre_padding                      0x080043f1   Thumb Code    46  printf8.o(i._printf_pre_padding)
    i.delay_init                             0x08004420   Section        0  delay.o(i.delay_init)
    i.delay_ms                               0x08004464   Section        0  delay.o(i.delay_ms)
    i.delay_us                               0x080044b0   Section        0  delay.o(i.delay_us)
    i.enable_ref_spads                       0x080044fc   Section        0  vl53l0x_api_calibration.o(i.enable_ref_spads)
    i.enable_spad_bit                        0x080045a8   Section        0  vl53l0x_api_calibration.o(i.enable_spad_bit)
    i.fputc                                  0x080045dc   Section        0  usart.o(i.fputc)
    i.get_next_good_spad                     0x080045f8   Section        0  vl53l0x_api_calibration.o(i.get_next_good_spad)
    i.get_ref_spad_map                       0x08004660   Section        0  vl53l0x_api_calibration.o(i.get_ref_spad_map)
    i.get_sequence_step_timeout              0x08004678   Section        0  vl53l0x_api_core.o(i.get_sequence_step_timeout)
    i.is_aperture                            0x0800479c   Section        0  vl53l0x_api_calibration.o(i.is_aperture)
    i.main                                   0x080047b4   Section        0  main.o(i.main)
    i.perform_ref_signal_measurement         0x080049bc   Section        0  vl53l0x_api_calibration.o(i.perform_ref_signal_measurement)
    i.print_pal_error                        0x08004a2c   Section        0  vl53l0x.o(i.print_pal_error)
    i.sequence_step_enabled                  0x08004a60   Section        0  vl53l0x_api.o(i.sequence_step_enabled)
    i.set_ref_spad_map                       0x08004aa8   Section        0  vl53l0x_api_calibration.o(i.set_ref_spad_map)
    i.set_sequence_step_timeout              0x08004ac0   Section        0  vl53l0x_api_core.o(i.set_sequence_step_timeout)
    i.uart_init                              0x08004bf4   Section        0  usart.o(i.uart_init)
    i.uart_send_status_height                0x08004c6c   Section        0  usart.o(i.uart_send_status_height)
    i.vl53l0x_Addr_set                       0x08004d14   Section        0  vl53l0x.o(i.vl53l0x_Addr_set)
    i.vl53l0x_init                           0x08004db8   Section        0  vl53l0x.o(i.vl53l0x_init)
    i.vl53l0x_reset                          0x08004e6c   Section        0  vl53l0x.o(i.vl53l0x_reset)
    i.vl53l0x_set_mode                       0x08004eac   Section        0  vl53l0x_gen.o(i.vl53l0x_set_mode)
    i.vl53l0x_start_single_test              0x08004fdc   Section        0  vl53l0x_gen.o(i.vl53l0x_start_single_test)
    .constdata                               0x0800501c   Section     1520  oled.o(.constdata)
    .data                                    0x20000000   Section       20  system_stm32f10x.o(.data)
    .data                                    0x20000014   Section       20  stm32f10x_rcc.o(.data)
    APBAHBPrescTable                         0x20000014   Data          16  stm32f10x_rcc.o(.data)
    ADCPrescTable                            0x20000024   Data           4  stm32f10x_rcc.o(.data)
    .data                                    0x20000028   Section        4  delay.o(.data)
    fac_us                                   0x20000028   Data           1  delay.o(.data)
    fac_ms                                   0x2000002a   Data           2  delay.o(.data)
    .data                                    0x2000002c   Section        8  usart.o(.data)
    local_lock                               0x2000002c   Data           1  usart.o(.data)
    .data                                    0x20000034   Section      681  vl53l0x_api.o(.data)
    .data                                    0x200002e0   Section       16  vl53l0x_api_calibration.o(.data)
    .data                                    0x200002f0   Section       57  vl53l0x.o(.data)
    .data                                    0x2000032a   Section        2  vl53l0x_gen.o(.data)
    .data                                    0x2000032c   Section       13  vl53l0x_it.o(.data)
    .bss                                     0x2000033c   Section       32  main.o(.bss)
    buf                                      0x2000033c   Data          32  main.o(.bss)
    .bss                                     0x2000035c   Section      451  vl53l0x.o(.bss)
    .bss                                     0x20000520   Section       60  vl53l0x_gen.o(.bss)
    buf                                      0x2000053c   Data          32  vl53l0x_gen.o(.bss)
    STACK                                    0x20000560   Section     1024  startup_stm32f10x_md.o(STACK)

    Global Symbols

    Symbol Name                              Value     Ov Type        Size  Object(Section)

    BuildAttributes$$THM_ISAv4$P$D$K$B$S$PE$A:L22UL41UL21$X:L11$S22US41US21$IEEE1$IW$USESV6$~STKCKD$USESV7$~SHL$OSPACE$ROPI$EBA8$MICROLIB$REQ8$PRES8$EABIv2 0x00000000   Number         0  anon$$obj.o ABSOLUTE
    __ARM_use_no_argv                        0x00000000   Number         0  main.o ABSOLUTE
    __use_no_errno                           0x00000000   Number         0  useno.o ABSOLUTE
    __use_no_exception_handling              0x00000000   Number         0  useno.o ABSOLUTE
    __use_no_fp                              0x00000000   Number         0  useno.o ABSOLUTE
    __use_no_heap                            0x00000000   Number         0  useno.o ABSOLUTE
    __use_no_heap_region                     0x00000000   Number         0  useno.o ABSOLUTE
    __use_no_semihosting                     0x00000000   Number         0  useno.o ABSOLUTE
    __use_no_semihosting_swi                 0x00000000   Number         0  useno.o ABSOLUTE
    __use_no_signal_handling                 0x00000000   Number         0  useno.o ABSOLUTE
    _printf_a                                0x00000000   Number         0  stubs.o ABSOLUTE
    _printf_c                                0x00000000   Number         0  stubs.o ABSOLUTE
    _printf_charcount                        0x00000000   Number         0  stubs.o ABSOLUTE
    _printf_d                                0x00000000   Number         0  stubs.o ABSOLUTE
    _printf_e                                0x00000000   Number         0  stubs.o ABSOLUTE
    _printf_f                                0x00000000   Number         0  stubs.o ABSOLUTE
    _printf_flags                            0x00000000   Number         0  stubs.o ABSOLUTE
    _printf_fp_dec                           0x00000000   Number         0  stubs.o ABSOLUTE
    _printf_fp_hex                           0x00000000   Number         0  stubs.o ABSOLUTE
    _printf_g                                0x00000000   Number         0  stubs.o ABSOLUTE
    _printf_i                                0x00000000   Number         0  stubs.o ABSOLUTE
    _printf_int_dec                          0x00000000   Number         0  stubs.o ABSOLUTE
    _printf_l                                0x00000000   Number         0  stubs.o ABSOLUTE
    _printf_lc                               0x00000000   Number         0  stubs.o ABSOLUTE
    _printf_ll                               0x00000000   Number         0  stubs.o ABSOLUTE
    _printf_lld                              0x00000000   Number         0  stubs.o ABSOLUTE
    _printf_lli                              0x00000000   Number         0  stubs.o ABSOLUTE
    _printf_llo                              0x00000000   Number         0  stubs.o ABSOLUTE
    _printf_llu                              0x00000000   Number         0  stubs.o ABSOLUTE
    _printf_llx                              0x00000000   Number         0  stubs.o ABSOLUTE
    _printf_longlong_dec                     0x00000000   Number         0  stubs.o ABSOLUTE
    _printf_longlong_hex                     0x00000000   Number         0  stubs.o ABSOLUTE
    _printf_longlong_oct                     0x00000000   Number         0  stubs.o ABSOLUTE
    _printf_ls                               0x00000000   Number         0  stubs.o ABSOLUTE
    _printf_mbtowc                           0x00000000   Number         0  stubs.o ABSOLUTE
    _printf_n                                0x00000000   Number         0  stubs.o ABSOLUTE
    _printf_o                                0x00000000   Number         0  stubs.o ABSOLUTE
    _printf_p                                0x00000000   Number         0  stubs.o ABSOLUTE
    _printf_percent                          0x00000000   Number         0  stubs.o ABSOLUTE
    _printf_pre_padding                      0x00000000   Number         0  stubs.o ABSOLUTE
    _printf_return_value                     0x00000000   Number         0  stubs.o ABSOLUTE
    _printf_s                                0x00000000   Number         0  stubs.o ABSOLUTE
    _printf_sizespec                         0x00000000   Number         0  stubs.o ABSOLUTE
    _printf_str                              0x00000000   Number         0  stubs.o ABSOLUTE
    _printf_truncate_signed                  0x00000000   Number         0  stubs.o ABSOLUTE
    _printf_truncate_unsigned                0x00000000   Number         0  stubs.o ABSOLUTE
    _printf_u                                0x00000000   Number         0  stubs.o ABSOLUTE
    _printf_wc                               0x00000000   Number         0  stubs.o ABSOLUTE
    _printf_wctomb                           0x00000000   Number         0  stubs.o ABSOLUTE
    _printf_widthprec                        0x00000000   Number         0  stubs.o ABSOLUTE
    _printf_x                                0x00000000   Number         0  stubs.o ABSOLUTE
    __arm_fini_                               - Undefined Weak Reference
    __cpp_initialize__aeabi_                  - Undefined Weak Reference
    __cxa_finalize                            - Undefined Weak Reference
    _clock_init                               - Undefined Weak Reference
    _microlib_exit                            - Undefined Weak Reference
    __Vectors_Size                           0x000000ec   Number         0  startup_stm32f10x_md.o ABSOLUTE
    __Vectors                                0x08000000   Data           4  startup_stm32f10x_md.o(RESET)
    __Vectors_End                            0x080000ec   Data           0  startup_stm32f10x_md.o(RESET)
    __main                                   0x080000ed   Thumb Code     0  entry.o(.ARM.Collect$$$$00000000)
    _main_stk                                0x080000ed   Thumb Code     0  entry2.o(.ARM.Collect$$$$00000001)
    _main_scatterload                        0x080000f1   Thumb Code     0  entry5.o(.ARM.Collect$$$$00000004)
    __main_after_scatterload                 0x080000f5   Thumb Code     0  entry5.o(.ARM.Collect$$$$00000004)
    _main_clock                              0x080000f5   Thumb Code     0  entry7b.o(.ARM.Collect$$$$00000008)
    _main_cpp_init                           0x080000f5   Thumb Code     0  entry8b.o(.ARM.Collect$$$$0000000A)
    _main_init                               0x080000f5   Thumb Code     0  entry9a.o(.ARM.Collect$$$$0000000B)
    __rt_lib_shutdown_fini                   0x080000fd   Thumb Code     0  entry12b.o(.ARM.Collect$$$$0000000E)
    __rt_final_cpp                           0x08000101   Thumb Code     0  entry10a.o(.ARM.Collect$$$$0000000F)
    __rt_final_exit                          0x08000101   Thumb Code     0  entry11a.o(.ARM.Collect$$$$00000011)
    Reset_Handler                            0x08000105   Thumb Code     8  startup_stm32f10x_md.o(.text)
    NMI_Handler                              0x0800010d   Thumb Code     2  startup_stm32f10x_md.o(.text)
    HardFault_Handler                        0x0800010f   Thumb Code     2  startup_stm32f10x_md.o(.text)
    MemManage_Handler                        0x08000111   Thumb Code     2  startup_stm32f10x_md.o(.text)
    BusFault_Handler                         0x08000113   Thumb Code     2  startup_stm32f10x_md.o(.text)
    UsageFault_Handler                       0x08000115   Thumb Code     2  startup_stm32f10x_md.o(.text)
    SVC_Handler                              0x08000117   Thumb Code     2  startup_stm32f10x_md.o(.text)
    DebugMon_Handler                         0x08000119   Thumb Code     2  startup_stm32f10x_md.o(.text)
    PendSV_Handler                           0x0800011b   Thumb Code     2  startup_stm32f10x_md.o(.text)
    SysTick_Handler                          0x0800011d   Thumb Code     2  startup_stm32f10x_md.o(.text)
    ADC1_2_IRQHandler                        0x0800011f   Thumb Code     0  startup_stm32f10x_md.o(.text)
    CAN1_RX1_IRQHandler                      0x0800011f   Thumb Code     0  startup_stm32f10x_md.o(.text)
    CAN1_SCE_IRQHandler                      0x0800011f   Thumb Code     0  startup_stm32f10x_md.o(.text)
    DMA1_Channel1_IRQHandler                 0x0800011f   Thumb Code     0  startup_stm32f10x_md.o(.text)
    DMA1_Channel2_IRQHandler                 0x0800011f   Thumb Code     0  startup_stm32f10x_md.o(.text)
    DMA1_Channel3_IRQHandler                 0x0800011f   Thumb Code     0  startup_stm32f10x_md.o(.text)
    DMA1_Channel4_IRQHandler                 0x0800011f   Thumb Code     0  startup_stm32f10x_md.o(.text)
    DMA1_Channel5_IRQHandler                 0x0800011f   Thumb Code     0  startup_stm32f10x_md.o(.text)
    DMA1_Channel6_IRQHandler                 0x0800011f   Thumb Code     0  startup_stm32f10x_md.o(.text)
    DMA1_Channel7_IRQHandler                 0x0800011f   Thumb Code     0  startup_stm32f10x_md.o(.text)
    EXTI0_IRQHandler                         0x0800011f   Thumb Code     0  startup_stm32f10x_md.o(.text)
    EXTI15_10_IRQHandler                     0x0800011f   Thumb Code     0  startup_stm32f10x_md.o(.text)
    EXTI1_IRQHandler                         0x0800011f   Thumb Code     0  startup_stm32f10x_md.o(.text)
    EXTI2_IRQHandler                         0x0800011f   Thumb Code     0  startup_stm32f10x_md.o(.text)
    EXTI3_IRQHandler                         0x0800011f   Thumb Code     0  startup_stm32f10x_md.o(.text)
    EXTI9_5_IRQHandler                       0x0800011f   Thumb Code     0  startup_stm32f10x_md.o(.text)
    FLASH_IRQHandler                         0x0800011f   Thumb Code     0  startup_stm32f10x_md.o(.text)
    I2C1_ER_IRQHandler                       0x0800011f   Thumb Code     0  startup_stm32f10x_md.o(.text)
    I2C1_EV_IRQHandler                       0x0800011f   Thumb Code     0  startup_stm32f10x_md.o(.text)
    I2C2_ER_IRQHandler                       0x0800011f   Thumb Code     0  startup_stm32f10x_md.o(.text)
    I2C2_EV_IRQHandler                       0x0800011f   Thumb Code     0  startup_stm32f10x_md.o(.text)
    PVD_IRQHandler                           0x0800011f   Thumb Code     0  startup_stm32f10x_md.o(.text)
    RCC_IRQHandler                           0x0800011f   Thumb Code     0  startup_stm32f10x_md.o(.text)
    RTCAlarm_IRQHandler                      0x0800011f   Thumb Code     0  startup_stm32f10x_md.o(.text)
    RTC_IRQHandler                           0x0800011f   Thumb Code     0  startup_stm32f10x_md.o(.text)
    SPI1_IRQHandler                          0x0800011f   Thumb Code     0  startup_stm32f10x_md.o(.text)
    SPI2_IRQHandler                          0x0800011f   Thumb Code     0  startup_stm32f10x_md.o(.text)
    TAMPER_IRQHandler                        0x0800011f   Thumb Code     0  startup_stm32f10x_md.o(.text)
    TIM1_BRK_IRQHandler                      0x0800011f   Thumb Code     0  startup_stm32f10x_md.o(.text)
    TIM1_CC_IRQHandler                       0x0800011f   Thumb Code     0  startup_stm32f10x_md.o(.text)
    TIM1_TRG_COM_IRQHandler                  0x0800011f   Thumb Code     0  startup_stm32f10x_md.o(.text)
    TIM1_UP_IRQHandler                       0x0800011f   Thumb Code     0  startup_stm32f10x_md.o(.text)
    TIM2_IRQHandler                          0x0800011f   Thumb Code     0  startup_stm32f10x_md.o(.text)
    TIM3_IRQHandler                          0x0800011f   Thumb Code     0  startup_stm32f10x_md.o(.text)
    TIM4_IRQHandler                          0x0800011f   Thumb Code     0  startup_stm32f10x_md.o(.text)
    USART1_IRQHandler                        0x0800011f   Thumb Code     0  startup_stm32f10x_md.o(.text)
    USART2_IRQHandler                        0x0800011f   Thumb Code     0  startup_stm32f10x_md.o(.text)
    USART3_IRQHandler                        0x0800011f   Thumb Code     0  startup_stm32f10x_md.o(.text)
    USBWakeUp_IRQHandler                     0x0800011f   Thumb Code     0  startup_stm32f10x_md.o(.text)
    USB_HP_CAN1_TX_IRQHandler                0x0800011f   Thumb Code     0  startup_stm32f10x_md.o(.text)
    USB_LP_CAN1_RX0_IRQHandler               0x0800011f   Thumb Code     0  startup_stm32f10x_md.o(.text)
    WWDG_IRQHandler                          0x0800011f   Thumb Code     0  startup_stm32f10x_md.o(.text)
    __aeabi_memcpy                           0x08000129   Thumb Code    36  memcpya.o(.text)
    __aeabi_memcpy4                          0x08000129   Thumb Code     0  memcpya.o(.text)
    __aeabi_memcpy8                          0x08000129   Thumb Code     0  memcpya.o(.text)
    __aeabi_memset                           0x0800014d   Thumb Code    14  memseta.o(.text)
    __aeabi_memset4                          0x0800014d   Thumb Code     0  memseta.o(.text)
    __aeabi_memset8                          0x0800014d   Thumb Code     0  memseta.o(.text)
    __aeabi_memclr                           0x0800015b   Thumb Code     4  memseta.o(.text)
    __aeabi_memclr4                          0x0800015b   Thumb Code     0  memseta.o(.text)
    __aeabi_memclr8                          0x0800015b   Thumb Code     0  memseta.o(.text)
    _memset$wrapper                          0x0800015f   Thumb Code    18  memseta.o(.text)
    strcpy                                   0x08000171   Thumb Code    18  strcpy.o(.text)
    __aeabi_uldivmod                         0x08000183   Thumb Code    98  uldiv.o(.text)
    __scatterload                            0x080001e5   Thumb Code    28  init.o(.text)
    __scatterload_rt2                        0x080001e5   Thumb Code     0  init.o(.text)
    __aeabi_llsl                             0x08000209   Thumb Code    30  llshl.o(.text)
    _ll_shift_l                              0x08000209   Thumb Code     0  llshl.o(.text)
    __aeabi_llsr                             0x08000227   Thumb Code    32  llushr.o(.text)
    _ll_ushift_r                             0x08000227   Thumb Code     0  llushr.o(.text)
    __decompress                             0x08000247   Thumb Code     0  __dclz77c.o(.text)
    __decompress2                            0x08000247   Thumb Code    94  __dclz77c.o(.text)
    EXTI4_IRQHandler                         0x080002a5   Thumb Code    16  vl53l0x_it.o(i.EXTI4_IRQHandler)
    EXTI_ClearITPendingBit                   0x080002b9   Thumb Code     6  stm32f10x_exti.o(i.EXTI_ClearITPendingBit)
    GPIO_Init                                0x080002c5   Thumb Code   278  stm32f10x_gpio.o(i.GPIO_Init)
    GPIO_SetBits                             0x080003db   Thumb Code     4  stm32f10x_gpio.o(i.GPIO_SetBits)
    GPIO_WriteBit                            0x080003df   Thumb Code    10  stm32f10x_gpio.o(i.GPIO_WriteBit)
    NVIC_PriorityGroupConfig                 0x080003e9   Thumb Code    10  misc.o(i.NVIC_PriorityGroupConfig)
    OLED_Clear                               0x080003fd   Thumb Code    42  oled.o(i.OLED_Clear)
    OLED_I2C_Init                            0x08000429   Thumb Code    76  oled.o(i.OLED_I2C_Init)
    OLED_I2C_SendByte                        0x08000479   Thumb Code    80  oled.o(i.OLED_I2C_SendByte)
    OLED_I2C_Start                           0x080004cd   Thumb Code    48  oled.o(i.OLED_I2C_Start)
    OLED_I2C_Stop                            0x08000501   Thumb Code    36  oled.o(i.OLED_I2C_Stop)
    OLED_Init                                0x08000529   Thumb Code   174  oled.o(i.OLED_Init)
    OLED_Pow                                 0x080005d7   Thumb Code    20  oled.o(i.OLED_Pow)
    OLED_SetCursor                           0x080005eb   Thumb Code    34  oled.o(i.OLED_SetCursor)
    OLED_ShowChar                            0x0800060d   Thumb Code   110  oled.o(i.OLED_ShowChar)
    OLED_ShowNum                             0x08000681   Thumb Code    68  oled.o(i.OLED_ShowNum)
    OLED_ShowString                          0x080006c5   Thumb Code    40  oled.o(i.OLED_ShowString)
    OLED_WriteCommand                        0x080006ed   Thumb Code    32  oled.o(i.OLED_WriteCommand)
    OLED_WriteData                           0x0800070d   Thumb Code    32  oled.o(i.OLED_WriteData)
    RCC_APB2PeriphClockCmd                   0x0800072d   Thumb Code    26  stm32f10x_rcc.o(i.RCC_APB2PeriphClockCmd)
    RCC_GetClocksFreq                        0x0800074d   Thumb Code   192  stm32f10x_rcc.o(i.RCC_GetClocksFreq)
    SysTick_CLKSourceConfig                  0x08000909   Thumb Code    40  misc.o(i.SysTick_CLKSourceConfig)
    SystemInit                               0x08000931   Thumb Code    78  system_stm32f10x.o(i.SystemInit)
    USART_Cmd                                0x08000991   Thumb Code    24  stm32f10x_usart.o(i.USART_Cmd)
    USART_GetFlagStatus                      0x080009a9   Thumb Code    26  stm32f10x_usart.o(i.USART_GetFlagStatus)
    USART_Init                               0x080009c5   Thumb Code   210  stm32f10x_usart.o(i.USART_Init)
    USART_SendData                           0x08000a9d   Thumb Code     8  stm32f10x_usart.o(i.USART_SendData)
    VL53L0X_CheckAndLoadInterruptSettings    0x08000aa5   Thumb Code   126  vl53l0x_api.o(i.VL53L0X_CheckAndLoadInterruptSettings)
    VL53L0X_ClearInterruptMask               0x08000b29   Thumb Code    82  vl53l0x_api.o(i.VL53L0X_ClearInterruptMask)
    VL53L0X_DataInit                         0x08000b7d   Thumb Code   420  vl53l0x_api.o(i.VL53L0X_DataInit)
    VL53L0X_GetDeviceInfo                    0x08000d29   Thumb Code    22  vl53l0x_api.o(i.VL53L0X_GetDeviceInfo)
    VL53L0X_GetDeviceMode                    0x08000d3f   Thumb Code    10  vl53l0x_api.o(i.VL53L0X_GetDeviceMode)
    VL53L0X_GetDeviceParameters              0x08000d49   Thumb Code   160  vl53l0x_api.o(i.VL53L0X_GetDeviceParameters)
    VL53L0X_GetFractionEnable                0x08000de9   Thumb Code    34  vl53l0x_api.o(i.VL53L0X_GetFractionEnable)
    VL53L0X_GetInterMeasurementPeriodMilliSeconds 0x08000e0b   Thumb Code    62  vl53l0x_api.o(i.VL53L0X_GetInterMeasurementPeriodMilliSeconds)
    VL53L0X_GetInterruptMaskStatus           0x08000e49   Thumb Code    48  vl53l0x_api.o(i.VL53L0X_GetInterruptMaskStatus)
    VL53L0X_GetInterruptThresholds           0x08000e79   Thumb Code    66  vl53l0x_api.o(i.VL53L0X_GetInterruptThresholds)
    VL53L0X_GetLimitCheckEnable              0x08000ebb   Thumb Code    28  vl53l0x_api.o(i.VL53L0X_GetLimitCheckEnable)
    VL53L0X_GetLimitCheckValue               0x08000ed7   Thumb Code   182  vl53l0x_api.o(i.VL53L0X_GetLimitCheckValue)
    VL53L0X_GetMeasurementDataReady          0x08000f8d   Thumb Code    86  vl53l0x_api.o(i.VL53L0X_GetMeasurementDataReady)
    VL53L0X_GetMeasurementTimingBudgetMicroSeconds 0x08000fe3   Thumb Code    22  vl53l0x_api.o(i.VL53L0X_GetMeasurementTimingBudgetMicroSeconds)
    VL53L0X_GetOffsetCalibrationDataMicroMeter 0x08000ff9   Thumb Code    22  vl53l0x_api.o(i.VL53L0X_GetOffsetCalibrationDataMicroMeter)
    VL53L0X_GetPalErrorString                0x0800100f   Thumb Code    22  vl53l0x_api.o(i.VL53L0X_GetPalErrorString)
    VL53L0X_GetRangeStatusString             0x08001025   Thumb Code    22  vl53l0x_api.o(i.VL53L0X_GetRangeStatusString)
    VL53L0X_GetRangingMeasurementData        0x0800103b   Thumb Code   366  vl53l0x_api.o(i.VL53L0X_GetRangingMeasurementData)
    VL53L0X_GetSequenceStepEnables           0x080011a9   Thumb Code   118  vl53l0x_api.o(i.VL53L0X_GetSequenceStepEnables)
    VL53L0X_GetVcselPulsePeriod              0x0800121f   Thumb Code    30  vl53l0x_api.o(i.VL53L0X_GetVcselPulsePeriod)
    VL53L0X_GetWrapAroundCheckEnable         0x0800123d   Thumb Code    62  vl53l0x_api.o(i.VL53L0X_GetWrapAroundCheckEnable)
    VL53L0X_GetXTalkCompensationEnable       0x0800127b   Thumb Code    12  vl53l0x_api.o(i.VL53L0X_GetXTalkCompensationEnable)
    VL53L0X_GetXTalkCompensationRateMegaCps  0x08001287   Thumb Code    56  vl53l0x_api.o(i.VL53L0X_GetXTalkCompensationRateMegaCps)
    VL53L0X_PerformRefCalibration            0x080012bf   Thumb Code    32  vl53l0x_api.o(i.VL53L0X_PerformRefCalibration)
    VL53L0X_PerformRefSpadManagement         0x080012df   Thumb Code    30  vl53l0x_api.o(i.VL53L0X_PerformRefSpadManagement)
    VL53L0X_PerformSingleMeasurement         0x080012fd   Thumb Code    60  vl53l0x_api.o(i.VL53L0X_PerformSingleMeasurement)
    VL53L0X_PerformSingleRangingMeasurement  0x08001339   Thumb Code    56  vl53l0x_api.o(i.VL53L0X_PerformSingleRangingMeasurement)
    VL53L0X_PollingDelay                     0x08001371   Thumb Code    26  vl53l0x_platform.o(i.VL53L0X_PollingDelay)
    VL53L0X_RdByte                           0x0800138b   Thumb Code    44  vl53l0x_platform.o(i.VL53L0X_RdByte)
    VL53L0X_RdDWord                          0x080013b7   Thumb Code    44  vl53l0x_platform.o(i.VL53L0X_RdDWord)
    VL53L0X_RdWord                           0x080013e3   Thumb Code    44  vl53l0x_platform.o(i.VL53L0X_RdWord)
    VL53L0X_ReadMulti                        0x0800140f   Thumb Code    54  vl53l0x_platform.o(i.VL53L0X_ReadMulti)
    VL53L0X_SetDeviceAddress                 0x08001445   Thumb Code    36  vl53l0x_api.o(i.VL53L0X_SetDeviceAddress)
    VL53L0X_SetDeviceMode                    0x08001469   Thumb Code    50  vl53l0x_api.o(i.VL53L0X_SetDeviceMode)
    VL53L0X_SetGpioConfig                    0x0800149b   Thumb Code   358  vl53l0x_api.o(i.VL53L0X_SetGpioConfig)
    VL53L0X_SetLimitCheckEnable              0x08001601   Thumb Code   194  vl53l0x_api.o(i.VL53L0X_SetLimitCheckEnable)
    VL53L0X_SetLimitCheckValue               0x080016c3   Thumb Code   118  vl53l0x_api.o(i.VL53L0X_SetLimitCheckValue)
    VL53L0X_SetMeasurementTimingBudgetMicroSeconds 0x08001739   Thumb Code    22  vl53l0x_api.o(i.VL53L0X_SetMeasurementTimingBudgetMicroSeconds)
    VL53L0X_SetSequenceStepEnable            0x0800174f   Thumb Code   196  vl53l0x_api.o(i.VL53L0X_SetSequenceStepEnable)
    VL53L0X_SetVcselPulsePeriod              0x08001813   Thumb Code    30  vl53l0x_api.o(i.VL53L0X_SetVcselPulsePeriod)
    VL53L0X_StartMeasurement                 0x08001831   Thumb Code   268  vl53l0x_api.o(i.VL53L0X_StartMeasurement)
    VL53L0X_StaticInit                       0x0800193d   Thumb Code   410  vl53l0x_api.o(i.VL53L0X_StaticInit)
    VL53L0X_UpdateByte                       0x08001add   Thumb Code    82  vl53l0x_platform.o(i.VL53L0X_UpdateByte)
    VL53L0X_WrByte                           0x08001b2f   Thumb Code    44  vl53l0x_platform.o(i.VL53L0X_WrByte)
    VL53L0X_WrWord                           0x08001b5b   Thumb Code    44  vl53l0x_platform.o(i.VL53L0X_WrWord)
    VL53L0X_WriteMulti                       0x08001b87   Thumb Code    60  vl53l0x_platform.o(i.VL53L0X_WriteMulti)
    VL53L0X_calc_dmax                        0x08001bc5   Thumb Code   390  vl53l0x_api_core.o(i.VL53L0X_calc_dmax)
    VL53L0X_calc_macro_period_ps             0x08001d51   Thumb Code    22  vl53l0x_api_core.o(i.VL53L0X_calc_macro_period_ps)
    VL53L0X_calc_sigma_estimate              0x08001d69   Thumb Code   772  vl53l0x_api_core.o(i.VL53L0X_calc_sigma_estimate)
    VL53L0X_calc_timeout_mclks               0x08002079   Thumb Code    52  vl53l0x_api_core.o(i.VL53L0X_calc_timeout_mclks)
    VL53L0X_calc_timeout_us                  0x080020ad   Thumb Code    52  vl53l0x_api_core.o(i.VL53L0X_calc_timeout_us)
    VL53L0X_check_part_used                  0x080020e1   Thumb Code    74  vl53l0x_api_strings.o(i.VL53L0X_check_part_used)
    VL53L0X_decode_timeout                   0x08002131   Thumb Code    14  vl53l0x_api_core.o(i.VL53L0X_decode_timeout)
    VL53L0X_decode_vcsel_period              0x0800213f   Thumb Code    12  vl53l0x_api_core.o(i.VL53L0X_decode_vcsel_period)
    VL53L0X_device_read_strobe               0x0800214b   Thumb Code    82  vl53l0x_api_core.o(i.VL53L0X_device_read_strobe)
    VL53L0X_encode_timeout                   0x0800219d   Thumb Code    40  vl53l0x_api_core.o(i.VL53L0X_encode_timeout)
    VL53L0X_encode_vcsel_period              0x080021c5   Thumb Code    14  vl53l0x_api_core.o(i.VL53L0X_encode_vcsel_period)
    VL53L0X_get_device_info                  0x080021d5   Thumb Code   152  vl53l0x_api_strings.o(i.VL53L0X_get_device_info)
    VL53L0X_get_info_from_device             0x080022b1   Thumb Code  1354  vl53l0x_api_core.o(i.VL53L0X_get_info_from_device)
    VL53L0X_get_measurement_timing_budget_micro_seconds 0x080027fb   Thumb Code   238  vl53l0x_api_core.o(i.VL53L0X_get_measurement_timing_budget_micro_seconds)
    VL53L0X_get_offset_calibration_data_micro_meter 0x080028e9   Thumb Code    86  vl53l0x_api_calibration.o(i.VL53L0X_get_offset_calibration_data_micro_meter)
    VL53L0X_get_pal_error_string             0x08002941   Thumb Code   298  vl53l0x_api_strings.o(i.VL53L0X_get_pal_error_string)
    VL53L0X_get_pal_range_status             0x08002c0d   Thumb Code   564  vl53l0x_api_core.o(i.VL53L0X_get_pal_range_status)
    VL53L0X_get_range_status_string          0x08002e41   Thumb Code    98  vl53l0x_api_strings.o(i.VL53L0X_get_range_status_string)
    VL53L0X_get_total_signal_rate            0x08002f15   Thumb Code    40  vl53l0x_api_core.o(i.VL53L0X_get_total_signal_rate)
    VL53L0X_get_total_xtalk_rate             0x08002f3d   Thumb Code    58  vl53l0x_api_core.o(i.VL53L0X_get_total_xtalk_rate)
    VL53L0X_get_vcsel_pulse_period           0x08002f77   Thumb Code    70  vl53l0x_api_core.o(i.VL53L0X_get_vcsel_pulse_period)
    VL53L0X_i2c_init                         0x08002fbd   Thumb Code    46  vl53l0x_i2c.o(i.VL53L0X_i2c_init)
    VL53L0X_isqrt                            0x08002ff1   Thumb Code    44  vl53l0x_api_core.o(i.VL53L0X_isqrt)
    VL53L0X_load_tuning_settings             0x0800301d   Thumb Code   234  vl53l0x_api_core.o(i.VL53L0X_load_tuning_settings)
    VL53L0X_measurement_poll_for_completion  0x08003107   Thumb Code    66  vl53l0x_api_core.o(i.VL53L0X_measurement_poll_for_completion)
    VL53L0X_perform_phase_calibration        0x08003149   Thumb Code   124  vl53l0x_api_calibration.o(i.VL53L0X_perform_phase_calibration)
    VL53L0X_perform_ref_calibration          0x080031c5   Thumb Code    76  vl53l0x_api_calibration.o(i.VL53L0X_perform_ref_calibration)
    VL53L0X_perform_ref_spad_management      0x08003211   Thumb Code   658  vl53l0x_api_calibration.o(i.VL53L0X_perform_ref_spad_management)
    VL53L0X_perform_single_ref_calibration   0x080034a3   Thumb Code    64  vl53l0x_api_calibration.o(i.VL53L0X_perform_single_ref_calibration)
    VL53L0X_perform_vhv_calibration          0x080034e3   Thumb Code   126  vl53l0x_api_calibration.o(i.VL53L0X_perform_vhv_calibration)
    VL53L0X_read_byte                        0x08003561   Thumb Code    32  vl53l0x_i2c.o(i.VL53L0X_read_byte)
    VL53L0X_read_dword                       0x08003581   Thumb Code    58  vl53l0x_i2c.o(i.VL53L0X_read_dword)
    VL53L0X_read_multi                       0x080035bb   Thumb Code    40  vl53l0x_i2c.o(i.VL53L0X_read_multi)
    VL53L0X_read_word                        0x080035e3   Thumb Code    42  vl53l0x_i2c.o(i.VL53L0X_read_word)
    VL53L0X_ref_calibration_io               0x0800360d   Thumb Code   176  vl53l0x_api_calibration.o(i.VL53L0X_ref_calibration_io)
    VL53L0X_set_measurement_timing_budget_micro_seconds 0x080036bd   Thumb Code   294  vl53l0x_api_core.o(i.VL53L0X_set_measurement_timing_budget_micro_seconds)
    VL53L0X_set_reference_spads              0x080037e3   Thumb Code   194  vl53l0x_api_calibration.o(i.VL53L0X_set_reference_spads)
    VL53L0X_set_vcsel_pulse_period           0x080038a5   Thumb Code   766  vl53l0x_api_core.o(i.VL53L0X_set_vcsel_pulse_period)
    VL53L0X_write_byte                       0x08003ba3   Thumb Code    26  vl53l0x_i2c.o(i.VL53L0X_write_byte)
    VL53L0X_write_multi                      0x08003bbd   Thumb Code    40  vl53l0x_i2c.o(i.VL53L0X_write_multi)
    VL53L0X_write_word                       0x08003be5   Thumb Code    86  vl53l0x_i2c.o(i.VL53L0X_write_word)
    VL_IIC_Ack                               0x08003c3d   Thumb Code    66  vl53l0x_i2c.o(i.VL_IIC_Ack)
    VL_IIC_NAck                              0x08003c8d   Thumb Code    66  vl53l0x_i2c.o(i.VL_IIC_NAck)
    VL_IIC_Read_Byte                         0x08003cdd   Thumb Code   112  vl53l0x_i2c.o(i.VL_IIC_Read_Byte)
    VL_IIC_Read_nByte                        0x08003d59   Thumb Code   110  vl53l0x_i2c.o(i.VL_IIC_Read_nByte)
    VL_IIC_Send_Byte                         0x08003dc9   Thumb Code   104  vl53l0x_i2c.o(i.VL_IIC_Send_Byte)
    VL_IIC_Start                             0x08003e3d   Thumb Code    64  vl53l0x_i2c.o(i.VL_IIC_Start)
    VL_IIC_Stop                              0x08003e89   Thumb Code    62  vl53l0x_i2c.o(i.VL_IIC_Stop)
    VL_IIC_Wait_Ack                          0x08003ed5   Thumb Code    86  vl53l0x_i2c.o(i.VL_IIC_Wait_Ack)
    VL_IIC_Write_nByte                       0x08003f39   Thumb Code    80  vl53l0x_i2c.o(i.VL_IIC_Write_nByte)
    __0printf$8                              0x08003f89   Thumb Code    22  printf8.o(i.__0printf$8)
    __1printf$8                              0x08003f89   Thumb Code     0  printf8.o(i.__0printf$8)
    __2printf                                0x08003f89   Thumb Code     0  printf8.o(i.__0printf$8)
    __scatterload_copy                       0x08003fa9   Thumb Code    14  handlers.o(i.__scatterload_copy)
    __scatterload_null                       0x08003fb7   Thumb Code     2  handlers.o(i.__scatterload_null)
    __scatterload_zeroinit                   0x08003fb9   Thumb Code    14  handlers.o(i.__scatterload_zeroinit)
    delay_init                               0x08004421   Thumb Code    50  delay.o(i.delay_init)
    delay_ms                                 0x08004465   Thumb Code    72  delay.o(i.delay_ms)
    delay_us                                 0x080044b1   Thumb Code    72  delay.o(i.delay_us)
    enable_ref_spads                         0x080044fd   Thumb Code   172  vl53l0x_api_calibration.o(i.enable_ref_spads)
    enable_spad_bit                          0x080045a9   Thumb Code    50  vl53l0x_api_calibration.o(i.enable_spad_bit)
    fputc                                    0x080045dd   Thumb Code    24  usart.o(i.fputc)
    get_next_good_spad                       0x080045f9   Thumb Code   104  vl53l0x_api_calibration.o(i.get_next_good_spad)
    get_ref_spad_map                         0x08004661   Thumb Code    24  vl53l0x_api_calibration.o(i.get_ref_spad_map)
    get_sequence_step_timeout                0x08004679   Thumb Code   290  vl53l0x_api_core.o(i.get_sequence_step_timeout)
    is_aperture                              0x0800479d   Thumb Code    18  vl53l0x_api_calibration.o(i.is_aperture)
    main                                     0x080047b5   Thumb Code   298  main.o(i.main)
    perform_ref_signal_measurement           0x080049bd   Thumb Code   110  vl53l0x_api_calibration.o(i.perform_ref_signal_measurement)
    print_pal_error                          0x08004a2d   Thumb Code    28  vl53l0x.o(i.print_pal_error)
    sequence_step_enabled                    0x08004a61   Thumb Code    72  vl53l0x_api.o(i.sequence_step_enabled)
    set_ref_spad_map                         0x08004aa9   Thumb Code    24  vl53l0x_api_calibration.o(i.set_ref_spad_map)
    set_sequence_step_timeout                0x08004ac1   Thumb Code   306  vl53l0x_api_core.o(i.set_sequence_step_timeout)
    uart_init                                0x08004bf5   Thumb Code   112  usart.o(i.uart_init)
    uart_send_status_height                  0x08004c6d   Thumb Code   164  usart.o(i.uart_send_status_height)
    vl53l0x_Addr_set                         0x08004d15   Thumb Code   150  vl53l0x.o(i.vl53l0x_Addr_set)
    vl53l0x_init                             0x08004db9   Thumb Code   160  vl53l0x.o(i.vl53l0x_init)
    vl53l0x_reset                            0x08004e6d   Thumb Code    56  vl53l0x.o(i.vl53l0x_reset)
    vl53l0x_set_mode                         0x08004ead   Thumb Code   298  vl53l0x_gen.o(i.vl53l0x_set_mode)
    vl53l0x_start_single_test                0x08004fdd   Thumb Code    58  vl53l0x_gen.o(i.vl53l0x_start_single_test)
    OLED_F8x16                               0x0800501c   Data        1520  oled.o(.constdata)
    Region$$Table$$Base                      0x0800560c   Number         0  anon$$obj.o(Region$$Table)
    Region$$Table$$Limit                     0x0800562c   Number         0  anon$$obj.o(Region$$Table)
    SystemCoreClock                          0x20000000   Data           4  system_stm32f10x.o(.data)
    AHBPrescTable                            0x20000004   Data          16  system_stm32f10x.o(.data)
    __stdout                                 0x20000030   Data           4  usart.o(.data)
    DefaultTuningSettings                    0x20000034   Data         243  vl53l0x_api.o(.data)
    InterruptThresholdSettings               0x20000127   Data         438  vl53l0x_api.o(.data)
    refArrayQuadrants                        0x200002e0   Data          16  vl53l0x_api_calibration.o(.data)
    AjustOK                                  0x200002f0   Data           1  vl53l0x.o(.data)
    Mode_data                                0x200002f1   Data          56  vl53l0x.o(.data)
    Distance_data                            0x2000032a   Data           2  vl53l0x_gen.o(.data)
    AlarmModes                               0x2000032c   Data          12  vl53l0x_it.o(.data)
    alarm_flag                               0x20000338   Data           1  vl53l0x_it.o(.data)
    vl53l0x_dev                              0x2000035c   Data         352  vl53l0x.o(.bss)
    vl53l0x_dev_info                         0x200004bc   Data          99  vl53l0x.o(.bss)
    vl53l0x_data                             0x20000520   Data          28  vl53l0x_gen.o(.bss)
    __initial_sp                             0x20000960   Data           0  startup_stm32f10x_md.o(STACK)



==============================================================================

Memory Map of the image

  Image Entry point : 0x080000ed

  Load Region LR_IROM1 (Base: 0x08000000, Size: 0x00005968, Max: 0x00010000, ABSOLUTE, COMPRESSED[0x000058fc])

    Execution Region ER_IROM1 (Exec base: 0x08000000, Load base: 0x08000000, Size: 0x0000562c, Max: 0x00010000, ABSOLUTE)

    Exec Addr    Load Addr    Size         Type   Attr      Idx    E Section Name        Object

    0x08000000   0x08000000   0x000000ec   Data   RO          132    RESET               startup_stm32f10x_md.o
    0x080000ec   0x080000ec   0x00000000   Code   RO         4738  * .ARM.Collect$$$$00000000  mc_w.l(entry.o)
    0x080000ec   0x080000ec   0x00000004   Code   RO         5010    .ARM.Collect$$$$00000001  mc_w.l(entry2.o)
    0x080000f0   0x080000f0   0x00000004   Code   RO         5013    .ARM.Collect$$$$00000004  mc_w.l(entry5.o)
    0x080000f4   0x080000f4   0x00000000   Code   RO         5015    .ARM.Collect$$$$00000008  mc_w.l(entry7b.o)
    0x080000f4   0x080000f4   0x00000000   Code   RO         5017    .ARM.Collect$$$$0000000A  mc_w.l(entry8b.o)
    0x080000f4   0x080000f4   0x00000008   Code   RO         5018    .ARM.Collect$$$$0000000B  mc_w.l(entry9a.o)
    0x080000fc   0x080000fc   0x00000004   Code   RO         5025    .ARM.Collect$$$$0000000E  mc_w.l(entry12b.o)
    0x08000100   0x08000100   0x00000000   Code   RO         5020    .ARM.Collect$$$$0000000F  mc_w.l(entry10a.o)
    0x08000100   0x08000100   0x00000000   Code   RO         5022    .ARM.Collect$$$$00000011  mc_w.l(entry11a.o)
    0x08000100   0x08000100   0x00000004   Code   RO         5011    .ARM.Collect$$$$00002712  mc_w.l(entry2.o)
    0x08000104   0x08000104   0x00000024   Code   RO          133    .text               startup_stm32f10x_md.o
    0x08000128   0x08000128   0x00000024   Code   RO         4741    .text               mc_w.l(memcpya.o)
    0x0800014c   0x0800014c   0x00000024   Code   RO         4743    .text               mc_w.l(memseta.o)
    0x08000170   0x08000170   0x00000012   Code   RO         4745    .text               mc_w.l(strcpy.o)
    0x08000182   0x08000182   0x00000062   Code   RO         5028    .text               mc_w.l(uldiv.o)
    0x080001e4   0x080001e4   0x00000024   Code   RO         5041    .text               mc_w.l(init.o)
    0x08000208   0x08000208   0x0000001e   Code   RO         5043    .text               mc_w.l(llshl.o)
    0x08000226   0x08000226   0x00000020   Code   RO         5045    .text               mc_w.l(llushr.o)
    0x08000246   0x08000246   0x0000005e   Code   RO         5059    .text               mc_w.l(__dclz77c.o)
    0x080002a4   0x080002a4   0x00000014   Code   RO         4406    i.EXTI4_IRQHandler  vl53l0x_it.o
    0x080002b8   0x080002b8   0x0000000c   Code   RO         1039    i.EXTI_ClearITPendingBit  stm32f10x_exti.o
    0x080002c4   0x080002c4   0x00000116   Code   RO         1392    i.GPIO_Init         stm32f10x_gpio.o
    0x080003da   0x080003da   0x00000004   Code   RO         1400    i.GPIO_SetBits      stm32f10x_gpio.o
    0x080003de   0x080003de   0x0000000a   Code   RO         1403    i.GPIO_WriteBit     stm32f10x_gpio.o
    0x080003e8   0x080003e8   0x00000014   Code   RO          242    i.NVIC_PriorityGroupConfig  misc.o
    0x080003fc   0x080003fc   0x0000002a   Code   RO         4630    i.OLED_Clear        oled.o
    0x08000426   0x08000426   0x00000002   PAD
    0x08000428   0x08000428   0x00000050   Code   RO         4631    i.OLED_I2C_Init     oled.o
    0x08000478   0x08000478   0x00000054   Code   RO         4632    i.OLED_I2C_SendByte  oled.o
    0x080004cc   0x080004cc   0x00000034   Code   RO         4633    i.OLED_I2C_Start    oled.o
    0x08000500   0x08000500   0x00000028   Code   RO         4634    i.OLED_I2C_Stop     oled.o
    0x08000528   0x08000528   0x000000ae   Code   RO         4635    i.OLED_Init         oled.o
    0x080005d6   0x080005d6   0x00000014   Code   RO         4636    i.OLED_Pow          oled.o
    0x080005ea   0x080005ea   0x00000022   Code   RO         4637    i.OLED_SetCursor    oled.o
    0x0800060c   0x0800060c   0x00000074   Code   RO         4639    i.OLED_ShowChar     oled.o
    0x08000680   0x08000680   0x00000044   Code   RO         4641    i.OLED_ShowNum      oled.o
    0x080006c4   0x080006c4   0x00000028   Code   RO         4643    i.OLED_ShowString   oled.o
    0x080006ec   0x080006ec   0x00000020   Code   RO         4644    i.OLED_WriteCommand  oled.o
    0x0800070c   0x0800070c   0x00000020   Code   RO         4645    i.OLED_WriteData    oled.o
    0x0800072c   0x0800072c   0x00000020   Code   RO         1810    i.RCC_APB2PeriphClockCmd  stm32f10x_rcc.o
    0x0800074c   0x0800074c   0x000000d4   Code   RO         1818    i.RCC_GetClocksFreq  stm32f10x_rcc.o
    0x08000820   0x08000820   0x00000008   Code   RO           17    i.SetSysClock       system_stm32f10x.o
    0x08000828   0x08000828   0x000000e0   Code   RO           18    i.SetSysClockTo72   system_stm32f10x.o
    0x08000908   0x08000908   0x00000028   Code   RO          245    i.SysTick_CLKSourceConfig  misc.o
    0x08000930   0x08000930   0x00000060   Code   RO           20    i.SystemInit        system_stm32f10x.o
    0x08000990   0x08000990   0x00000018   Code   RO         2978    i.USART_Cmd         stm32f10x_usart.o
    0x080009a8   0x080009a8   0x0000001a   Code   RO         2981    i.USART_GetFlagStatus  stm32f10x_usart.o
    0x080009c2   0x080009c2   0x00000002   PAD
    0x080009c4   0x080009c4   0x000000d8   Code   RO         2985    i.USART_Init        stm32f10x_usart.o
    0x08000a9c   0x08000a9c   0x00000008   Code   RO         2995    i.USART_SendData    stm32f10x_usart.o
    0x08000aa4   0x08000aa4   0x00000084   Code   RO         3308    i.VL53L0X_CheckAndLoadInterruptSettings  vl53l0x_api.o
    0x08000b28   0x08000b28   0x00000052   Code   RO         3309    i.VL53L0X_ClearInterruptMask  vl53l0x_api.o
    0x08000b7a   0x08000b7a   0x00000002   PAD
    0x08000b7c   0x08000b7c   0x000001ac   Code   RO         3310    i.VL53L0X_DataInit  vl53l0x_api.o
    0x08000d28   0x08000d28   0x00000016   Code   RO         3314    i.VL53L0X_GetDeviceInfo  vl53l0x_api.o
    0x08000d3e   0x08000d3e   0x0000000a   Code   RO         3315    i.VL53L0X_GetDeviceMode  vl53l0x_api.o
    0x08000d48   0x08000d48   0x000000a0   Code   RO         3316    i.VL53L0X_GetDeviceParameters  vl53l0x_api.o
    0x08000de8   0x08000de8   0x00000022   Code   RO         3318    i.VL53L0X_GetFractionEnable  vl53l0x_api.o
    0x08000e0a   0x08000e0a   0x0000003e   Code   RO         3322    i.VL53L0X_GetInterMeasurementPeriodMilliSeconds  vl53l0x_api.o
    0x08000e48   0x08000e48   0x00000030   Code   RO         3323    i.VL53L0X_GetInterruptMaskStatus  vl53l0x_api.o
    0x08000e78   0x08000e78   0x00000042   Code   RO         3324    i.VL53L0X_GetInterruptThresholds  vl53l0x_api.o
    0x08000eba   0x08000eba   0x0000001c   Code   RO         3326    i.VL53L0X_GetLimitCheckEnable  vl53l0x_api.o
    0x08000ed6   0x08000ed6   0x000000b6   Code   RO         3329    i.VL53L0X_GetLimitCheckValue  vl53l0x_api.o
    0x08000f8c   0x08000f8c   0x00000056   Code   RO         3332    i.VL53L0X_GetMeasurementDataReady  vl53l0x_api.o
    0x08000fe2   0x08000fe2   0x00000016   Code   RO         3334    i.VL53L0X_GetMeasurementTimingBudgetMicroSeconds  vl53l0x_api.o
    0x08000ff8   0x08000ff8   0x00000016   Code   RO         3338    i.VL53L0X_GetOffsetCalibrationDataMicroMeter  vl53l0x_api.o
    0x0800100e   0x0800100e   0x00000016   Code   RO         3339    i.VL53L0X_GetPalErrorString  vl53l0x_api.o
    0x08001024   0x08001024   0x00000016   Code   RO         3345    i.VL53L0X_GetRangeStatusString  vl53l0x_api.o
    0x0800103a   0x0800103a   0x0000016e   Code   RO         3346    i.VL53L0X_GetRangingMeasurementData  vl53l0x_api.o
    0x080011a8   0x080011a8   0x00000076   Code   RO         3350    i.VL53L0X_GetSequenceStepEnables  vl53l0x_api.o
    0x0800121e   0x0800121e   0x0000001e   Code   RO         3359    i.VL53L0X_GetVcselPulsePeriod  vl53l0x_api.o
    0x0800123c   0x0800123c   0x0000003e   Code   RO         3361    i.VL53L0X_GetWrapAroundCheckEnable  vl53l0x_api.o
    0x0800127a   0x0800127a   0x0000000c   Code   RO         3362    i.VL53L0X_GetXTalkCompensationEnable  vl53l0x_api.o
    0x08001286   0x08001286   0x00000038   Code   RO         3363    i.VL53L0X_GetXTalkCompensationRateMegaCps  vl53l0x_api.o
    0x080012be   0x080012be   0x00000020   Code   RO         3365    i.VL53L0X_PerformRefCalibration  vl53l0x_api.o
    0x080012de   0x080012de   0x0000001e   Code   RO         3366    i.VL53L0X_PerformRefSpadManagement  vl53l0x_api.o
    0x080012fc   0x080012fc   0x0000003c   Code   RO         3368    i.VL53L0X_PerformSingleMeasurement  vl53l0x_api.o
    0x08001338   0x08001338   0x00000038   Code   RO         3369    i.VL53L0X_PerformSingleRangingMeasurement  vl53l0x_api.o
    0x08001370   0x08001370   0x0000001a   Code   RO         4558    i.VL53L0X_PollingDelay  vl53l0x_platform.o
    0x0800138a   0x0800138a   0x0000002c   Code   RO         4559    i.VL53L0X_RdByte    vl53l0x_platform.o
    0x080013b6   0x080013b6   0x0000002c   Code   RO         4560    i.VL53L0X_RdDWord   vl53l0x_platform.o
    0x080013e2   0x080013e2   0x0000002c   Code   RO         4561    i.VL53L0X_RdWord    vl53l0x_platform.o
    0x0800140e   0x0800140e   0x00000036   Code   RO         4562    i.VL53L0X_ReadMulti  vl53l0x_platform.o
    0x08001444   0x08001444   0x00000024   Code   RO         3373    i.VL53L0X_SetDeviceAddress  vl53l0x_api.o
    0x08001468   0x08001468   0x00000032   Code   RO         3374    i.VL53L0X_SetDeviceMode  vl53l0x_api.o
    0x0800149a   0x0800149a   0x00000166   Code   RO         3377    i.VL53L0X_SetGpioConfig  vl53l0x_api.o
    0x08001600   0x08001600   0x000000c2   Code   RO         3382    i.VL53L0X_SetLimitCheckEnable  vl53l0x_api.o
    0x080016c2   0x080016c2   0x00000076   Code   RO         3383    i.VL53L0X_SetLimitCheckValue  vl53l0x_api.o
    0x08001738   0x08001738   0x00000016   Code   RO         3385    i.VL53L0X_SetMeasurementTimingBudgetMicroSeconds  vl53l0x_api.o
    0x0800174e   0x0800174e   0x000000c4   Code   RO         3392    i.VL53L0X_SetSequenceStepEnable  vl53l0x_api.o
    0x08001812   0x08001812   0x0000001e   Code   RO         3397    i.VL53L0X_SetVcselPulsePeriod  vl53l0x_api.o
    0x08001830   0x08001830   0x0000010c   Code   RO         3401    i.VL53L0X_StartMeasurement  vl53l0x_api.o
    0x0800193c   0x0800193c   0x000001a0   Code   RO         3402    i.VL53L0X_StaticInit  vl53l0x_api.o
    0x08001adc   0x08001adc   0x00000052   Code   RO         4563    i.VL53L0X_UpdateByte  vl53l0x_platform.o
    0x08001b2e   0x08001b2e   0x0000002c   Code   RO         4564    i.VL53L0X_WrByte    vl53l0x_platform.o
    0x08001b5a   0x08001b5a   0x0000002c   Code   RO         4566    i.VL53L0X_WrWord    vl53l0x_platform.o
    0x08001b86   0x08001b86   0x0000003c   Code   RO         4567    i.VL53L0X_WriteMulti  vl53l0x_platform.o
    0x08001bc2   0x08001bc2   0x00000002   PAD
    0x08001bc4   0x08001bc4   0x0000018c   Code   RO         4083    i.VL53L0X_calc_dmax  vl53l0x_api_core.o
    0x08001d50   0x08001d50   0x00000016   Code   RO         4084    i.VL53L0X_calc_macro_period_ps  vl53l0x_api_core.o
    0x08001d66   0x08001d66   0x00000002   PAD
    0x08001d68   0x08001d68   0x00000310   Code   RO         4085    i.VL53L0X_calc_sigma_estimate  vl53l0x_api_core.o
    0x08002078   0x08002078   0x00000034   Code   RO         4086    i.VL53L0X_calc_timeout_mclks  vl53l0x_api_core.o
    0x080020ac   0x080020ac   0x00000034   Code   RO         4087    i.VL53L0X_calc_timeout_us  vl53l0x_api_core.o
    0x080020e0   0x080020e0   0x00000050   Code   RO         4245    i.VL53L0X_check_part_used  vl53l0x_api_strings.o
    0x08002130   0x08002130   0x0000000e   Code   RO         4088    i.VL53L0X_decode_timeout  vl53l0x_api_core.o
    0x0800213e   0x0800213e   0x0000000c   Code   RO         4089    i.VL53L0X_decode_vcsel_period  vl53l0x_api_core.o
    0x0800214a   0x0800214a   0x00000052   Code   RO         4090    i.VL53L0X_device_read_strobe  vl53l0x_api_core.o
    0x0800219c   0x0800219c   0x00000028   Code   RO         4091    i.VL53L0X_encode_timeout  vl53l0x_api_core.o
    0x080021c4   0x080021c4   0x0000000e   Code   RO         4092    i.VL53L0X_encode_vcsel_period  vl53l0x_api_core.o
    0x080021d2   0x080021d2   0x00000002   PAD
    0x080021d4   0x080021d4   0x000000dc   Code   RO         4247    i.VL53L0X_get_device_info  vl53l0x_api_strings.o
    0x080022b0   0x080022b0   0x0000054a   Code   RO         4093    i.VL53L0X_get_info_from_device  vl53l0x_api_core.o
    0x080027fa   0x080027fa   0x000000ee   Code   RO         4094    i.VL53L0X_get_measurement_timing_budget_micro_seconds  vl53l0x_api_core.o
    0x080028e8   0x080028e8   0x00000056   Code   RO         3937    i.VL53L0X_get_offset_calibration_data_micro_meter  vl53l0x_api_calibration.o
    0x0800293e   0x0800293e   0x00000002   PAD
    0x08002940   0x08002940   0x000002cc   Code   RO         4249    i.VL53L0X_get_pal_error_string  vl53l0x_api_strings.o
    0x08002c0c   0x08002c0c   0x00000234   Code   RO         4095    i.VL53L0X_get_pal_range_status  vl53l0x_api_core.o
    0x08002e40   0x08002e40   0x000000d4   Code   RO         4251    i.VL53L0X_get_range_status_string  vl53l0x_api_strings.o
    0x08002f14   0x08002f14   0x00000028   Code   RO         4096    i.VL53L0X_get_total_signal_rate  vl53l0x_api_core.o
    0x08002f3c   0x08002f3c   0x0000003a   Code   RO         4097    i.VL53L0X_get_total_xtalk_rate  vl53l0x_api_core.o
    0x08002f76   0x08002f76   0x00000046   Code   RO         4098    i.VL53L0X_get_vcsel_pulse_period  vl53l0x_api_core.o
    0x08002fbc   0x08002fbc   0x00000034   Code   RO         4432    i.VL53L0X_i2c_init  vl53l0x_i2c.o
    0x08002ff0   0x08002ff0   0x0000002c   Code   RO         4099    i.VL53L0X_isqrt     vl53l0x_api_core.o
    0x0800301c   0x0800301c   0x000000ea   Code   RO         4100    i.VL53L0X_load_tuning_settings  vl53l0x_api_core.o
    0x08003106   0x08003106   0x00000042   Code   RO         4101    i.VL53L0X_measurement_poll_for_completion  vl53l0x_api_core.o
    0x08003148   0x08003148   0x0000007c   Code   RO         3941    i.VL53L0X_perform_phase_calibration  vl53l0x_api_calibration.o
    0x080031c4   0x080031c4   0x0000004c   Code   RO         3942    i.VL53L0X_perform_ref_calibration  vl53l0x_api_calibration.o
    0x08003210   0x08003210   0x00000292   Code   RO         3943    i.VL53L0X_perform_ref_spad_management  vl53l0x_api_calibration.o
    0x080034a2   0x080034a2   0x00000040   Code   RO         3944    i.VL53L0X_perform_single_ref_calibration  vl53l0x_api_calibration.o
    0x080034e2   0x080034e2   0x0000007e   Code   RO         3945    i.VL53L0X_perform_vhv_calibration  vl53l0x_api_calibration.o
    0x08003560   0x08003560   0x00000020   Code   RO         4433    i.VL53L0X_read_byte  vl53l0x_i2c.o
    0x08003580   0x08003580   0x0000003a   Code   RO         4434    i.VL53L0X_read_dword  vl53l0x_i2c.o
    0x080035ba   0x080035ba   0x00000028   Code   RO         4435    i.VL53L0X_read_multi  vl53l0x_i2c.o
    0x080035e2   0x080035e2   0x0000002a   Code   RO         4436    i.VL53L0X_read_word  vl53l0x_i2c.o
    0x0800360c   0x0800360c   0x000000b0   Code   RO         3947    i.VL53L0X_ref_calibration_io  vl53l0x_api_calibration.o
    0x080036bc   0x080036bc   0x00000126   Code   RO         4104    i.VL53L0X_set_measurement_timing_budget_micro_seconds  vl53l0x_api_core.o
    0x080037e2   0x080037e2   0x000000c2   Code   RO         3950    i.VL53L0X_set_reference_spads  vl53l0x_api_calibration.o
    0x080038a4   0x080038a4   0x000002fe   Code   RO         4105    i.VL53L0X_set_vcsel_pulse_period  vl53l0x_api_core.o
    0x08003ba2   0x08003ba2   0x0000001a   Code   RO         4437    i.VL53L0X_write_byte  vl53l0x_i2c.o
    0x08003bbc   0x08003bbc   0x00000028   Code   RO         4439    i.VL53L0X_write_multi  vl53l0x_i2c.o
    0x08003be4   0x08003be4   0x00000056   Code   RO         4440    i.VL53L0X_write_word  vl53l0x_i2c.o
    0x08003c3a   0x08003c3a   0x00000002   PAD
    0x08003c3c   0x08003c3c   0x00000050   Code   RO         4441    i.VL_IIC_Ack        vl53l0x_i2c.o
    0x08003c8c   0x08003c8c   0x00000050   Code   RO         4442    i.VL_IIC_NAck       vl53l0x_i2c.o
    0x08003cdc   0x08003cdc   0x0000007c   Code   RO         4444    i.VL_IIC_Read_Byte  vl53l0x_i2c.o
    0x08003d58   0x08003d58   0x0000006e   Code   RO         4445    i.VL_IIC_Read_nByte  vl53l0x_i2c.o
    0x08003dc6   0x08003dc6   0x00000002   PAD
    0x08003dc8   0x08003dc8   0x00000074   Code   RO         4446    i.VL_IIC_Send_Byte  vl53l0x_i2c.o
    0x08003e3c   0x08003e3c   0x0000004c   Code   RO         4447    i.VL_IIC_Start      vl53l0x_i2c.o
    0x08003e88   0x08003e88   0x0000004c   Code   RO         4448    i.VL_IIC_Stop       vl53l0x_i2c.o
    0x08003ed4   0x08003ed4   0x00000064   Code   RO         4449    i.VL_IIC_Wait_Ack   vl53l0x_i2c.o
    0x08003f38   0x08003f38   0x00000050   Code   RO         4451    i.VL_IIC_Write_nByte  vl53l0x_i2c.o
    0x08003f88   0x08003f88   0x00000020   Code   RO         4956    i.__0printf$8       mc_w.l(printf8.o)
    0x08003fa8   0x08003fa8   0x0000000e   Code   RO         5053    i.__scatterload_copy  mc_w.l(handlers.o)
    0x08003fb6   0x08003fb6   0x00000002   Code   RO         5054    i.__scatterload_null  mc_w.l(handlers.o)
    0x08003fb8   0x08003fb8   0x0000000e   Code   RO         5055    i.__scatterload_zeroinit  mc_w.l(handlers.o)
    0x08003fc6   0x08003fc6   0x00000002   PAD
    0x08003fc8   0x08003fc8   0x00000404   Code   RO         4963    i._printf_core      mc_w.l(printf8.o)
    0x080043cc   0x080043cc   0x00000024   Code   RO         4964    i._printf_post_padding  mc_w.l(printf8.o)
    0x080043f0   0x080043f0   0x0000002e   Code   RO         4965    i._printf_pre_padding  mc_w.l(printf8.o)
    0x0800441e   0x0800441e   0x00000002   PAD
    0x08004420   0x08004420   0x00000044   Code   RO         3208    i.delay_init        delay.o
    0x08004464   0x08004464   0x0000004c   Code   RO         3209    i.delay_ms          delay.o
    0x080044b0   0x080044b0   0x0000004c   Code   RO         3210    i.delay_us          delay.o
    0x080044fc   0x080044fc   0x000000ac   Code   RO         3952    i.enable_ref_spads  vl53l0x_api_calibration.o
    0x080045a8   0x080045a8   0x00000032   Code   RO         3953    i.enable_spad_bit   vl53l0x_api_calibration.o
    0x080045da   0x080045da   0x00000002   PAD
    0x080045dc   0x080045dc   0x0000001c   Code   RO         3269    i.fputc             usart.o
    0x080045f8   0x080045f8   0x00000068   Code   RO         3954    i.get_next_good_spad  vl53l0x_api_calibration.o
    0x08004660   0x08004660   0x00000018   Code   RO         3955    i.get_ref_spad_map  vl53l0x_api_calibration.o
    0x08004678   0x08004678   0x00000122   Code   RO         4106    i.get_sequence_step_timeout  vl53l0x_api_core.o
    0x0800479a   0x0800479a   0x00000002   PAD
    0x0800479c   0x0800479c   0x00000018   Code   RO         3956    i.is_aperture       vl53l0x_api_calibration.o
    0x080047b4   0x080047b4   0x00000208   Code   RO          137    i.main              main.o
    0x080049bc   0x080049bc   0x0000006e   Code   RO         3957    i.perform_ref_signal_measurement  vl53l0x_api_calibration.o
    0x08004a2a   0x08004a2a   0x00000002   PAD
    0x08004a2c   0x08004a2c   0x00000034   Code   RO         4301    i.print_pal_error   vl53l0x.o
    0x08004a60   0x08004a60   0x00000048   Code   RO         3406    i.sequence_step_enabled  vl53l0x_api.o
    0x08004aa8   0x08004aa8   0x00000018   Code   RO         3958    i.set_ref_spad_map  vl53l0x_api_calibration.o
    0x08004ac0   0x08004ac0   0x00000132   Code   RO         4107    i.set_sequence_step_timeout  vl53l0x_api_core.o
    0x08004bf2   0x08004bf2   0x00000002   PAD
    0x08004bf4   0x08004bf4   0x00000078   Code   RO         3270    i.uart_init         usart.o
    0x08004c6c   0x08004c6c   0x000000a8   Code   RO         3271    i.uart_send_status_height  usart.o
    0x08004d14   0x08004d14   0x000000a4   Code   RO         4302    i.vl53l0x_Addr_set  vl53l0x.o
    0x08004db8   0x08004db8   0x000000b4   Code   RO         4304    i.vl53l0x_init      vl53l0x.o
    0x08004e6c   0x08004e6c   0x00000040   Code   RO         4305    i.vl53l0x_reset     vl53l0x.o
    0x08004eac   0x08004eac   0x00000130   Code   RO         4367    i.vl53l0x_set_mode  vl53l0x_gen.o
    0x08004fdc   0x08004fdc   0x00000040   Code   RO         4368    i.vl53l0x_start_single_test  vl53l0x_gen.o
    0x0800501c   0x0800501c   0x000005f0   Data   RO         4646    .constdata          oled.o
    0x0800560c   0x0800560c   0x00000020   Data   RO         5051    Region$$Table       anon$$obj.o


    Execution Region RW_IRAM1 (Exec base: 0x20000000, Load base: 0x0800562c, Size: 0x00000960, Max: 0x00005000, ABSOLUTE, COMPRESSED[0x000002d0])

    Exec Addr    Load Addr    Size         Type   Attr      Idx    E Section Name        Object

    0x20000000   COMPRESSED   0x00000014   Data   RW           21    .data               system_stm32f10x.o
    0x20000014   COMPRESSED   0x00000014   Data   RW         1838    .data               stm32f10x_rcc.o
    0x20000028   COMPRESSED   0x00000004   Data   RW         3211    .data               delay.o
    0x2000002c   COMPRESSED   0x00000008   Data   RW         3272    .data               usart.o
    0x20000034   COMPRESSED   0x000002a9   Data   RW         3407    .data               vl53l0x_api.o
    0x200002dd   COMPRESSED   0x00000003   PAD
    0x200002e0   COMPRESSED   0x00000010   Data   RW         3959    .data               vl53l0x_api_calibration.o
    0x200002f0   COMPRESSED   0x00000039   Data   RW         4307    .data               vl53l0x.o
    0x20000329   COMPRESSED   0x00000001   PAD
    0x2000032a   COMPRESSED   0x00000002   Data   RW         4370    .data               vl53l0x_gen.o
    0x2000032c   COMPRESSED   0x0000000d   Data   RW         4409    .data               vl53l0x_it.o
    0x20000339   COMPRESSED   0x00000003   PAD
    0x2000033c        -       0x00000020   Zero   RW          138    .bss                main.o
    0x2000035c        -       0x000001c3   Zero   RW         4306    .bss                vl53l0x.o
    0x2000051f   COMPRESSED   0x00000001   PAD
    0x20000520        -       0x0000003c   Zero   RW         4369    .bss                vl53l0x_gen.o
    0x2000055c   COMPRESSED   0x00000004   PAD
    0x20000560        -       0x00000400   Zero   RW          130    STACK               startup_stm32f10x_md.o


==============================================================================

Image component sizes


      Code (inc. data)   RO Data    RW Data    ZI Data      Debug   Object Name

         0          0          0          0          0       4540   core_cm3.o
       220         26          0          4          0       1935   delay.o
       520        222          0          0         32     218407   main.o
        60         10          0          0          0       1097   misc.o
       814         22       1520          0          0       8553   oled.o
        36          8        236          0       1024        832   startup_stm32f10x_md.o
        12          6          0          0          0        553   stm32f10x_exti.o
       292          0          0          0          0       3183   stm32f10x_gpio.o
       244         26          0         20          0       3989   stm32f10x_rcc.o
       274          6          0          0          0       4156   stm32f10x_usart.o
       328         28          0         20          0      25741   system_stm32f10x.o
       316         16          0          8          0       3964   usart.o
       460         66          0         57        451       4577   vl53l0x.o
      4010         62          0        681          0      33983   vl53l0x_api.o
      2012          6          0         16          0      16103   vl53l0x_api_calibration.o
      5792         18          0          0          0      29383   vl53l0x_api_core.o
      1228        620          0          0          0       4297   vl53l0x_api_strings.o
       368         12          0          2         60       3276   vl53l0x_gen.o
      1218         98          0          0          0      12494   vl53l0x_i2c.o
        20          4          0         13          0       1359   vl53l0x_it.o
       442          0          0          0          0       7779   vl53l0x_platform.o

    ----------------------------------------------------------------------
     18692       1256       1788        828       1572     390201   Object Totals
         0          0         32          0          0          0   (incl. Generated)
        26          0          0          7          5          0   (incl. Padding)

    ----------------------------------------------------------------------

      Code (inc. data)   RO Data    RW Data    ZI Data      Debug   Library Member Name

        94          0          0          0          0          0   __dclz77c.o
         0          0          0          0          0          0   entry.o
         0          0          0          0          0          0   entry10a.o
         0          0          0          0          0          0   entry11a.o
         4          0          0          0          0          0   entry12b.o
         8          4          0          0          0          0   entry2.o
         4          0          0          0          0          0   entry5.o
         0          0          0          0          0          0   entry7b.o
         0          0          0          0          0          0   entry8b.o
         8          4          0          0          0          0   entry9a.o
        30          0          0          0          0          0   handlers.o
        36          8          0          0          0         68   init.o
        30          0          0          0          0         68   llshl.o
        32          0          0          0          0         68   llushr.o
        36          0          0          0          0         68   memcpya.o
        36          0          0          0          0        108   memseta.o
      1142         54          0          0          0        352   printf8.o
        18          0          0          0          0         68   strcpy.o
        98          0          0          0          0         92   uldiv.o

    ----------------------------------------------------------------------
      1580         70          0          0          0        892   Library Totals
         4          0          0          0          0          0   (incl. Padding)

    ----------------------------------------------------------------------

      Code (inc. data)   RO Data    RW Data    ZI Data      Debug   Library Name

      1576         70          0          0          0        892   mc_w.l

    ----------------------------------------------------------------------
      1580         70          0          0          0        892   Library Totals

    ----------------------------------------------------------------------

==============================================================================


      Code (inc. data)   RO Data    RW Data    ZI Data      Debug   

     20272       1326       1788        828       1572     383317   Grand Totals
     20272       1326       1788        720       1572     383317   ELF Image Totals (compressed)
     20272       1326       1788        720          0          0   ROM Totals

==============================================================================

    Total RO  Size (Code + RO Data)                22060 (  21.54kB)
    Total RW  Size (RW Data + ZI Data)              2400 (   2.34kB)
    Total ROM Size (Code + RO Data + RW Data)      22780 (  22.25kB)

==============================================================================

